2026-05-02 13:06:12.991 xcodebuild[23789:5518084]  DVTFilePathFSEvents: Failed to start fs event stream.
2026-05-02 13:06:13.514 xcodebuild[23789:5518085] CoreSimulatorService connection became invalid.  Simulator services will no longer be available.
2026-05-02 13:06:13.514 xcodebuild[23789:5518109] Logging connecton invalid: <OS_xpc_error: <dictionary: 0x1f00180e0> { count = 1, transaction: 0, voucher = 0x0, contents =
	"XPCErrorDescription" => <string: 0x1f0018220> { string cache = 0x0, length = 18, contents = "Connection invalid" }
}>
2026-05-02 13:06:13.515 xcodebuild[23789:5518109] Error opening log file (/Users/nikitamarshchonok/Library/Logs/CoreSimulator/CoreSimulator.com.apple.dt.xcodebuild.log): Operation not permitted
[-[SimServiceContext sendRequest:]:1751] ERROR : Unable to deliver request ({
    "developer_dir" = "/Applications/Xcode.app/Contents/Developer";
    request = "set_developer_dir";
}) because we are not connected to CoreSimulatorService.
Command line invocation:
    /Applications/Xcode.app/Contents/Developer/usr/bin/xcodebuild -project ActionLens.xcodeproj -scheme ActionLens -configuration Debug -destination generic/platform=iOS -derivedDataPath .DerivedDataLocal build

[-[SimServiceContext initWithDeveloperDir:connectionType:error:]:432] WARN  : Unable to discover any Simulator runtimes. Developer Directory is /Applications/Xcode.app/Contents/Developer.
[-[SimDiskImageManager init]:175] ERROR : Could not kickstart simdiskimaged; SimDiskImageManager services will not be available: Error Domain=NSPOSIXErrorDomain Code=53 "Software caused connection abort" UserInfo={NSLocalizedDescription=Error returned in reply from CoreSimulatorService: Connection invalid}
[-[SimDiskImageManager _onQueue_checkConnection:]:239] ERROR : simdiskimaged returned error (invalid), marking disconnected.
[-[SimDiskImageManager _onQueue_checkConnection:]:239] ERROR : simdiskimaged returned error (invalid), marking disconnected.
[-[SimServiceContext initWithDeveloperDir:connectionType:error:]_block_invoke:468] ERROR : Could not get list of trusted mount directories: Error Domain=com.apple.CoreSimulator.SimError Code=410 "The service used to manage runtime disk images (simdiskimaged) crashed or is not responding" UserInfo={NSLocalizedDescription=The service used to manage runtime disk images (simdiskimaged) crashed or is not responding}
2026-05-02 13:06:13.576 xcodebuild[23789:5518082] [MT] DVTAssertions: Warning in DVTFrameworks/DVTFoundation/FileTypes/DVTFileDataTypeDetection.m:80
Details:  detectedTypeIdentifier (com.apple.binary-property-list) does not conform to matchedTypeIdentifier in MagicFileDataTypeDetector extenson com.apple.property-list. When both are specified, this conformance is required unless overridden by setting allowNonInheritance. extension.identifier:Xcode.MagicFileDataTypeDetector.BinaryPlist
Object:   <DVTFileDataTypeDetectionMagicCache: 0x94cd2e190>
Method:   -initWithExtension:
Thread:   <_NSMainThread: 0x100ea6040>{number = 1, name = main}
Please file a bug at https://feedbackassistant.apple.com with this warning message and any useful information you can provide.
[-[SimServiceContext sendRequest:reply:error:]:1771] ERROR : Unable to deliver request ({
    request = "notification_subscription";
    "set_path" = "/Users/nikitamarshchonok/Library/Developer/CoreSimulator/Devices";
}) because we are not connected to CoreSimulatorService.
2026-05-02 13:06:13.576 xcodebuild[23789:5518084] Error Domain=NSPOSIXErrorDomain Code=61 "Connection refused" UserInfo={NSLocalizedDescription=CoreSimulatorService connection became invalid.  Simulator services will no longer be available.}
2026-05-02 13:06:13.577 xcodebuild[23789:5518082] [MT] DVTAssertions: Warning in DVTFrameworks/DVTFoundation/FileTypes/DVTFileDataTypeDetection.m:80
Details:  detectedTypeIdentifier (com.apple.xml-property-list) does not conform to matchedTypeIdentifier in MagicFileDataTypeDetector extenson com.apple.property-list. When both are specified, this conformance is required unless overridden by setting allowNonInheritance. extension.identifier:Xcode.MagicFileDataTypeDetector.XMLPlist
Object:   <DVTFileDataTypeDetectionMagicCache: 0x94cd2e970>
Method:   -initWithExtension:
Thread:   <_NSMainThread: 0x100ea6040>{number = 1, name = main}
Please file a bug at https://feedbackassistant.apple.com with this warning message and any useful information you can provide.
[-[SimServiceContext sendRequest:reply:error:]:1771] ERROR : Unable to deliver request ({
    request = "notification_subscription";
    "set_path" = "/Users/nikitamarshchonok/Library/Developer/CoreSimulator/Devices";
}) because we are not connected to CoreSimulatorService.
2026-05-02 13:06:13.578 xcodebuild[23789:5518108] Error Domain=NSPOSIXErrorDomain Code=61 "Connection refused" UserInfo={NSLocalizedDescription=CoreSimulatorService connection became invalid.  Simulator services will no longer be available.}
2026-05-02 13:06:13.578 xcodebuild[23789:5518084]  IDESimulatorAvailability: startObservingSimulatorUpdates() FAILED to register SimDeviceSet observer
2026-05-02 13:06:13.578 xcodebuild[23789:5518108]  iOSSimulator: [SimServiceContext defaultDeviceSetWithError:] returned nil (Error Domain=NSPOSIXErrorDomain Code=61 "Connection refused" UserInfo={NSLocalizedFailureReason=Failed to subscribe to notifications from CoreSimulatorService., NSLocalizedDescription=Failed to initialize simulator device set., NSUnderlyingError=0x94ccc1320 {Error Domain=NSPOSIXErrorDomain Code=61 "Connection refused" UserInfo={NSLocalizedDescription=CoreSimulatorService connection became invalid.  Simulator services will no longer be available.}}}). Simulator device support disabled.
ComputePackagePrebuildTargetDependencyGraph

Prepare packages

CreateBuildRequest

SendProjectDescription

CreateBuildOperation

ComputeTargetDependencyGraph
note: Building targets in dependency order
note: Target dependency graph (2 targets)
    Target 'ActionLens' in project 'ActionLens'
        ➜ Explicit dependency on target 'ActionLensShareExtension' in project 'ActionLens'
    Target 'ActionLensShareExtension' in project 'ActionLens' (no dependencies)

GatherProvisioningInputs

CreateBuildDescription

ExecuteExternalTool /Applications/Xcode.app/Contents/Developer/Toolchains/XcodeDefault.xctoolchain/usr/bin/clang -v -E -dM -isysroot /Applications/Xcode.app/Contents/Developer/Platforms/iPhoneOS.platform/Developer/SDKs/iPhoneOS26.4.sdk -x c -c /dev/null

ExecuteExternalTool /Applications/Xcode.app/Contents/Developer/Toolchains/XcodeDefault.xctoolchain/usr/bin/swiftc --version

ExecuteExternalTool /Applications/Xcode.app/Contents/Developer/usr/bin/actool --print-asset-tag-combinations --output-format xml1 /Users/nikitamarshchonok/Desktop/ActionLens/ActionLens/Assets.xcassets

ExecuteExternalTool /Applications/Xcode.app/Contents/Developer/Toolchains/XcodeDefault.xctoolchain/usr/bin/ld -version_details

ExecuteExternalTool /Applications/Xcode.app/Contents/Developer/usr/bin/actool --version --output-format xml1

Build description signature: e7763528443e182015bdbfa92b2d1406
Build description path: /Users/nikitamarshchonok/Desktop/ActionLens/.DerivedDataLocal/Build/Intermediates.noindex/XCBuildData/e7763528443e182015bdbfa92b2d1406.xcbuilddata
/Users/nikitamarshchonok/Desktop/ActionLens/ActionLens.xcodeproj: error: No profiles for 'com.nikita.project.actionlens.shareextension' were found: Xcode couldn't find any iOS App Development provisioning profiles matching 'com.nikita.project.actionlens.shareextension'. Automatic signing is disabled and unable to generate a profile. To enable automatic signing, pass -allowProvisioningUpdates to xcodebuild. (in target 'ActionLensShareExtension' from project 'ActionLens')
/Users/nikitamarshchonok/Desktop/ActionLens/ActionLens.xcodeproj: error: No profiles for 'com.nikita.project.actionlens' were found: Xcode couldn't find any iOS App Development provisioning profiles matching 'com.nikita.project.actionlens'. Automatic signing is disabled and unable to generate a profile. To enable automatic signing, pass -allowProvisioningUpdates to xcodebuild. (in target 'ActionLens' from project 'ActionLens')
** BUILD FAILED **


The following build commands failed:
	Building project ActionLens with scheme ActionLens and configuration Debug
(1 failure)
