2026-05-02 13:05:52.213 xcodebuild[23057:5516791]  DVTFilePathFSEvents: Failed to start fs event stream.
2026-05-02 13:05:52.780 xcodebuild[23057:5516792] CoreSimulatorService connection became invalid.  Simulator services will no longer be available.
2026-05-02 13:05:52.780 xcodebuild[23057:5516792] Logging connecton invalid: <OS_xpc_error: <dictionary: 0x1f00180e0> { count = 1, transaction: 0, voucher = 0x0, contents =
	"XPCErrorDescription" => <string: 0x1f0018220> { string cache = 0x0, length = 18, contents = "Connection invalid" }
}>
2026-05-02 13:05:52.780 xcodebuild[23057:5516792] Error opening log file (/Users/nikitamarshchonok/Library/Logs/CoreSimulator/CoreSimulator.com.apple.dt.xcodebuild.log): Operation not permitted
[-[SimServiceContext sendRequest:]:1751] ERROR : Unable to deliver request ({
    "developer_dir" = "/Applications/Xcode.app/Contents/Developer";
    request = "set_developer_dir";
}) because we are not connected to CoreSimulatorService.
Command line invocation:
    /Applications/Xcode.app/Contents/Developer/usr/bin/xcodebuild -project ActionLens.xcodeproj -scheme ActionLens -configuration Debug -destination generic/platform=iOS -derivedDataPath .DerivedDataLocal CODE_SIGNING_ALLOWED=NO build

Build settings from command line:
    CODE_SIGNING_ALLOWED = NO

2026-05-02 13:05:52.842 xcodebuild[23057:5516787] [MT] DVTAssertions: Warning in DVTFrameworks/DVTFoundation/FileTypes/DVTFileDataTypeDetection.m:80
Details:  detectedTypeIdentifier (com.apple.xml-property-list) does not conform to matchedTypeIdentifier in MagicFileDataTypeDetector extenson com.apple.property-list. When both are specified, this conformance is required unless overridden by setting allowNonInheritance. extension.identifier:Xcode.MagicFileDataTypeDetector.XMLPlist
Object:   <DVTFileDataTypeDetectionMagicCache: 0x754990de0>
Method:   -initWithExtension:
Thread:   <_NSMainThread: 0x1052ba040>{number = 1, name = main}
Please file a bug at https://feedbackassistant.apple.com with this warning message and any useful information you can provide.
2026-05-02 13:05:52.843 xcodebuild[23057:5516787] [MT] DVTAssertions: Warning in DVTFrameworks/DVTFoundation/FileTypes/DVTFileDataTypeDetection.m:80
Details:  detectedTypeIdentifier (com.apple.binary-property-list) does not conform to matchedTypeIdentifier in MagicFileDataTypeDetector extenson com.apple.property-list. When both are specified, this conformance is required unless overridden by setting allowNonInheritance. extension.identifier:Xcode.MagicFileDataTypeDetector.BinaryPlist
Object:   <DVTFileDataTypeDetectionMagicCache: 0x754991c50>
Method:   -initWithExtension:
Thread:   <_NSMainThread: 0x1052ba040>{number = 1, name = main}
Please file a bug at https://feedbackassistant.apple.com with this warning message and any useful information you can provide.
[-[SimServiceContext initWithDeveloperDir:connectionType:error:]:432] WARN  : Unable to discover any Simulator runtimes. Developer Directory is /Applications/Xcode.app/Contents/Developer.
[-[SimDiskImageManager init]:175] ERROR : Could not kickstart simdiskimaged; SimDiskImageManager services will not be available: Error Domain=NSPOSIXErrorDomain Code=53 "Software caused connection abort" UserInfo={NSLocalizedDescription=Error returned in reply from CoreSimulatorService: Connection invalid}
[-[SimDiskImageManager _onQueue_checkConnection:]:239] ERROR : simdiskimaged returned error (invalid), marking disconnected.
[-[SimDiskImageManager _onQueue_checkConnection:]:239] ERROR : simdiskimaged returned error (invalid), marking disconnected.
[-[SimServiceContext initWithDeveloperDir:connectionType:error:]_block_invoke:468] ERROR : Could not get list of trusted mount directories: Error Domain=com.apple.CoreSimulator.SimError Code=410 "The service used to manage runtime disk images (simdiskimaged) crashed or is not responding" UserInfo={NSLocalizedDescription=The service used to manage runtime disk images (simdiskimaged) crashed or is not responding}
[-[SimServiceContext sendRequest:reply:error:]:1771] ERROR : Unable to deliver request ({
    request = "notification_subscription";
    "set_path" = "/Users/nikitamarshchonok/Library/Developer/CoreSimulator/Devices";
}) because we are not connected to CoreSimulatorService.
2026-05-02 13:05:52.917 xcodebuild[23057:5516791] Error Domain=NSPOSIXErrorDomain Code=61 "Connection refused" UserInfo={NSLocalizedDescription=CoreSimulatorService connection became invalid.  Simulator services will no longer be available.}
[-[SimServiceContext sendRequest:reply:error:]:1771] ERROR : Unable to deliver request ({
    request = "notification_subscription";
    "set_path" = "/Users/nikitamarshchonok/Library/Developer/CoreSimulator/Devices";
}) because we are not connected to CoreSimulatorService.
2026-05-02 13:05:52.919 xcodebuild[23057:5516859] Error Domain=NSPOSIXErrorDomain Code=61 "Connection refused" UserInfo={NSLocalizedDescription=CoreSimulatorService connection became invalid.  Simulator services will no longer be available.}
2026-05-02 13:05:52.919 xcodebuild[23057:5516791]  IDESimulatorAvailability: startObservingSimulatorUpdates() FAILED to register SimDeviceSet observer
2026-05-02 13:05:52.919 xcodebuild[23057:5516859]  iOSSimulator: [SimServiceContext defaultDeviceSetWithError:] returned nil (Error Domain=NSPOSIXErrorDomain Code=61 "Connection refused" UserInfo={NSLocalizedFailureReason=Failed to subscribe to notifications from CoreSimulatorService., NSLocalizedDescription=Failed to initialize simulator device set., NSUnderlyingError=0x754b361f0 {Error Domain=NSPOSIXErrorDomain Code=61 "Connection refused" UserInfo={NSLocalizedDescription=CoreSimulatorService connection became invalid.  Simulator services will no longer be available.}}}). Simulator device support disabled.
ComputePackagePrebuildTargetDependencyGraph

Prepare packages

CreateBuildRequest

SendProjectDescription

CreateBuildOperation

ComputeTargetDependencyGraph
note: Building targets in dependency order
note: Target dependency graph (2 targets)
    Target 'ActionLens' in project 'ActionLens'
        ➜ Explicit dependency on target 'ActionLensShareExtension' in project 'ActionLens'
    Target 'ActionLensShareExtension' in project 'ActionLens' (no dependencies)

GatherProvisioningInputs

CreateBuildDescription

ExecuteExternalTool /Applications/Xcode.app/Contents/Developer/Toolchains/XcodeDefault.xctoolchain/usr/bin/swiftc --version

ExecuteExternalTool /Applications/Xcode.app/Contents/Developer/Toolchains/XcodeDefault.xctoolchain/usr/bin/clang -v -E -dM -isysroot /Applications/Xcode.app/Contents/Developer/Platforms/iPhoneOS.platform/Developer/SDKs/iPhoneOS26.4.sdk -x c -c /dev/null

ExecuteExternalTool /Applications/Xcode.app/Contents/Developer/usr/bin/actool --print-asset-tag-combinations --output-format xml1 /Users/nikitamarshchonok/Desktop/ActionLens/ActionLens/Assets.xcassets

ExecuteExternalTool /Applications/Xcode.app/Contents/Developer/Toolchains/XcodeDefault.xctoolchain/usr/bin/ld -version_details

ExecuteExternalTool /Applications/Xcode.app/Contents/Developer/usr/bin/actool --version --output-format xml1

Build description signature: 5ada3bab8fc16734e4b1d4c81173d544
Build description path: /Users/nikitamarshchonok/Desktop/ActionLens/.DerivedDataLocal/Build/Intermediates.noindex/XCBuildData/5ada3bab8fc16734e4b1d4c81173d544.xcbuilddata
ClangStatCache /Applications/Xcode.app/Contents/Developer/Toolchains/XcodeDefault.xctoolchain/usr/bin/clang-stat-cache /Applications/Xcode.app/Contents/Developer/Platforms/iPhoneOS.platform/Developer/SDKs/iPhoneOS26.4.sdk /Users/nikitamarshchonok/Desktop/ActionLens/.DerivedDataLocal/SDKStatCaches.noindex/iphoneos26.4-23E237-68a138bb55de9ba35ce6c8c40d12849e.sdkstatcache
    cd /Users/nikitamarshchonok/Desktop/ActionLens/ActionLens.xcodeproj
    /Applications/Xcode.app/Contents/Developer/Toolchains/XcodeDefault.xctoolchain/usr/bin/clang-stat-cache /Applications/Xcode.app/Contents/Developer/Platforms/iPhoneOS.platform/Developer/SDKs/iPhoneOS26.4.sdk -o /Users/nikitamarshchonok/Desktop/ActionLens/.DerivedDataLocal/SDKStatCaches.noindex/iphoneos26.4-23E237-68a138bb55de9ba35ce6c8c40d12849e.sdkstatcache
Failed to create FS event stream. Considering the cache up-to-date.

ProcessInfoPlistFile /Users/nikitamarshchonok/Desktop/ActionLens/.DerivedDataLocal/Build/Products/Debug-iphoneos/ActionLensShareExtension.appex/Info.plist /Users/nikitamarshchonok/Desktop/ActionLens/ActionLensShareExtension-Info.plist (in target 'ActionLensShareExtension' from project 'ActionLens')
    cd /Users/nikitamarshchonok/Desktop/ActionLens
    builtin-infoPlistUtility /Users/nikitamarshchonok/Desktop/ActionLens/ActionLensShareExtension-Info.plist -producttype com.apple.product-type.app-extension -expandbuildsettings -format binary -platform iphoneos -requiredArchitecture arm64 -o /Users/nikitamarshchonok/Desktop/ActionLens/.DerivedDataLocal/Build/Products/Debug-iphoneos/ActionLensShareExtension.appex/Info.plist

ExtractAppIntentsMetadata (in target 'ActionLensShareExtension' from project 'ActionLens')
    cd /Users/nikitamarshchonok/Desktop/ActionLens
    /Applications/Xcode.app/Contents/Developer/Toolchains/XcodeDefault.xctoolchain/usr/bin/appintentsmetadataprocessor --toolchain-dir /Applications/Xcode.app/Contents/Developer/Toolchains/XcodeDefault.xctoolchain --module-name ActionLensShareExtension --sdk-root /Applications/Xcode.app/Contents/Developer/Platforms/iPhoneOS.platform/Developer/SDKs/iPhoneOS26.4.sdk --xcode-version 17E192 --platform-family iOS --deployment-target 17.0 --bundle-identifier com.nikita.project.actionlens.shareextension --output /Users/nikitamarshchonok/Desktop/ActionLens/.DerivedDataLocal/Build/Products/Debug-iphoneos/ActionLensShareExtension.appex --target-triple arm64-apple-ios17.0 --binary-file /Users/nikitamarshchonok/Desktop/ActionLens/.DerivedDataLocal/Build/Products/Debug-iphoneos/ActionLensShareExtension.appex/ActionLensShareExtension --dependency-file /Users/nikitamarshchonok/Desktop/ActionLens/.DerivedDataLocal/Build/Intermediates.noindex/ActionLens.build/Debug-iphoneos/ActionLensShareExtension.build/Objects-normal/arm64/ActionLensShareExtension_dependency_info.dat --stringsdata-file /Users/nikitamarshchonok/Desktop/ActionLens/.DerivedDataLocal/Build/Intermediates.noindex/ActionLens.build/Debug-iphoneos/ActionLensShareExtension.build/Objects-normal/arm64/ExtractedAppShortcutsMetadata.stringsdata --source-file-list /Users/nikitamarshchonok/Desktop/ActionLens/.DerivedDataLocal/Build/Intermediates.noindex/ActionLens.build/Debug-iphoneos/ActionLensShareExtension.build/Objects-normal/arm64/ActionLensShareExtension.SwiftFileList --metadata-file-list /Users/nikitamarshchonok/Desktop/ActionLens/.DerivedDataLocal/Build/Intermediates.noindex/ActionLens.build/Debug-iphoneos/ActionLensShareExtension.build/ActionLensShareExtension.DependencyMetadataFileList --static-metadata-file-list /Users/nikitamarshchonok/Desktop/ActionLens/.DerivedDataLocal/Build/Intermediates.noindex/ActionLens.build/Debug-iphoneos/ActionLensShareExtension.build/ActionLensShareExtension.DependencyStaticMetadataFileList --swift-const-vals-list /Users/nikitamarshchonok/Desktop/ActionLens/.DerivedDataLocal/Build/Intermediates.noindex/ActionLens.build/Debug-iphoneos/ActionLensShareExtension.build/Objects-normal/arm64/ActionLensShareExtension.SwiftConstValuesFileList --compile-time-extraction --deployment-aware-processing --validate-assistant-intents --no-app-shortcuts-localization
2026-05-02 13:05:55.596 appintentsmetadataprocessor[23181:5517074] Starting appintentsmetadataprocessor export
2026-05-02 13:05:55.597 appintentsmetadataprocessor[23181:5517074] warning: Metadata extraction skipped. No AppIntents.framework dependency found.

GenerateAssetSymbols /Users/nikitamarshchonok/Desktop/ActionLens/ActionLens/Assets.xcassets (in target 'ActionLens' from project 'ActionLens')
    cd /Users/nikitamarshchonok/Desktop/ActionLens
    /Applications/Xcode.app/Contents/Developer/usr/bin/actool /Users/nikitamarshchonok/Desktop/ActionLens/ActionLens/Assets.xcassets --compile /Users/nikitamarshchonok/Desktop/ActionLens/.DerivedDataLocal/Build/Products/Debug-iphoneos/ActionLens.app --output-format human-readable-text --notices --warnings --export-dependency-info /Users/nikitamarshchonok/Desktop/ActionLens/.DerivedDataLocal/Build/Intermediates.noindex/ActionLens.build/Debug-iphoneos/ActionLens.build/assetcatalog_dependencies --output-partial-info-plist /Users/nikitamarshchonok/Desktop/ActionLens/.DerivedDataLocal/Build/Intermediates.noindex/ActionLens.build/Debug-iphoneos/ActionLens.build/assetcatalog_generated_info.plist --app-icon AppIcon --accent-color AccentColor --compress-pngs --enable-on-demand-resources YES --development-region en --target-device iphone --target-device ipad --minimum-deployment-target 17.0 --platform iphoneos --bundle-identifier com.nikita.project.actionlens --generate-swift-asset-symbols /Users/nikitamarshchonok/Desktop/ActionLens/.DerivedDataLocal/Build/Intermediates.noindex/ActionLens.build/Debug-iphoneos/ActionLens.build/DerivedSources/GeneratedAssetSymbols.swift --generate-objc-asset-symbols /Users/nikitamarshchonok/Desktop/ActionLens/.DerivedDataLocal/Build/Intermediates.noindex/ActionLens.build/Debug-iphoneos/ActionLens.build/DerivedSources/GeneratedAssetSymbols.h --generate-asset-symbol-index /Users/nikitamarshchonok/Desktop/ActionLens/.DerivedDataLocal/Build/Intermediates.noindex/ActionLens.build/Debug-iphoneos/ActionLens.build/DerivedSources/GeneratedAssetSymbols-Index.plist
2026-05-02 13:05:56.320 ibtoold[23182:5517087] CoreSimulatorService connection became invalid.  Simulator services will no longer be available.
2026-05-02 13:05:56.321 ibtoold[23182:5517117] Logging connecton invalid: <OS_xpc_error: <dictionary: 0x1f00180e0> { count = 1, transaction: 0, voucher = 0x0, contents =
	"XPCErrorDescription" => <string: 0x1f0018220> { string cache = 0x0, length = 18, contents = "Connection invalid" }
}>
2026-05-02 13:05:56.321 ibtoold[23182:5517087] Error opening log file (/Users/nikitamarshchonok/Library/Logs/CoreSimulator/CoreSimulator.com.apple.ibtool.log): Operation not permitted
[-[SimServiceContext sendRequest:]:1751] ERROR : Unable to deliver request ({
    "developer_dir" = "/Applications/Xcode.app/Contents/Developer";
    request = "set_developer_dir";
}) because we are not connected to CoreSimulatorService.
[-[SimServiceContext initWithDeveloperDir:connectionType:error:]:432] WARN  : Unable to discover any Simulator runtimes. Developer Directory is /Applications/Xcode.app/Contents/Developer.
[-[SimDiskImageManager init]:175] ERROR : Could not kickstart simdiskimaged; SimDiskImageManager services will not be available: Error Domain=NSPOSIXErrorDomain Code=53 "Software caused connection abort" UserInfo={NSLocalizedDescription=Error returned in reply from CoreSimulatorService: Connection invalid}
[-[SimDiskImageManager _onQueue_checkConnection:]:219] ERROR : simdiskimaged connection is currently unavailable because connection became invalid
[-[SimDiskImageManager _onQueue_checkConnection:]:219] ERROR : simdiskimaged connection is currently unavailable because connection became invalid
[-[SimServiceContext initWithDeveloperDir:connectionType:error:]_block_invoke:468] ERROR : Could not get list of trusted mount directories: Error Domain=com.apple.CoreSimulator.SimError Code=409 "Cannot talk to the service used to manage runtime disk images (simdiskimaged) because its launchd job is not registered or was unloaded" UserInfo={NSLocalizedDescription=Cannot talk to the service used to manage runtime disk images (simdiskimaged) because its launchd job is not registered or was unloaded}
[-[SimServiceContext sendRequest:reply:error:]:1771] ERROR : Unable to deliver request ({
    request = "notification_subscription";
    "set_path" = "/Users/nikitamarshchonok/Library/Developer/CoreSimulator/Devices";
}) because we are not connected to CoreSimulatorService.
2026-05-02 13:05:56.386 ibtoold[23182:5517086] Error Domain=NSPOSIXErrorDomain Code=61 "Connection refused" UserInfo={NSLocalizedDescription=CoreSimulatorService connection became invalid.  Simulator services will no longer be available.}
/* com.apple.actool.compilation-results */
/Users/nikitamarshchonok/Desktop/ActionLens/.DerivedDataLocal/Build/Intermediates.noindex/ActionLens.build/Debug-iphoneos/ActionLens.build/DerivedSources/GeneratedAssetSymbols-Index.plist
/Users/nikitamarshchonok/Desktop/ActionLens/.DerivedDataLocal/Build/Intermediates.noindex/ActionLens.build/Debug-iphoneos/ActionLens.build/DerivedSources/GeneratedAssetSymbols.h
/Users/nikitamarshchonok/Desktop/ActionLens/.DerivedDataLocal/Build/Intermediates.noindex/ActionLens.build/Debug-iphoneos/ActionLens.build/DerivedSources/GeneratedAssetSymbols.swift


AppIntentsSSUTraining (in target 'ActionLensShareExtension' from project 'ActionLens')
    cd /Users/nikitamarshchonok/Desktop/ActionLens
    /Applications/Xcode.app/Contents/Developer/Toolchains/XcodeDefault.xctoolchain/usr/bin/appintentsnltrainingprocessor --infoplist-path /Users/nikitamarshchonok/Desktop/ActionLens/.DerivedDataLocal/Build/Products/Debug-iphoneos/ActionLensShareExtension.appex/Info.plist --temp-dir-path /Users/nikitamarshchonok/Desktop/ActionLens/.DerivedDataLocal/Build/Intermediates.noindex/ActionLens.build/Debug-iphoneos/ActionLensShareExtension.build/ssu --bundle-id com.nikita.project.actionlens.shareextension --product-path /Users/nikitamarshchonok/Desktop/ActionLens/.DerivedDataLocal/Build/Products/Debug-iphoneos/ActionLensShareExtension.appex --extracted-metadata-path /Users/nikitamarshchonok/Desktop/ActionLens/.DerivedDataLocal/Build/Products/Debug-iphoneos/ActionLensShareExtension.appex/Metadata.appintents --metadata-file-list /Users/nikitamarshchonok/Desktop/ActionLens/.DerivedDataLocal/Build/Intermediates.noindex/ActionLens.build/Debug-iphoneos/ActionLensShareExtension.build/ActionLensShareExtension.DependencyMetadataFileList --source-file /Users/nikitamarshchonok/Desktop/ActionLens/.DerivedDataLocal/Build/Products/Debug-iphoneos/ActionLensShareExtension.appex/Info.plist --archive-ssu-assets
2026-05-02 13:05:55.620 appintentsnltrainingprocessor[23183:5517079] Parsing options for appintentsnltrainingprocessor
2026-05-02 13:05:55.620 appintentsnltrainingprocessor[23183:5517079] Starting AppIntents SSU YAML Generation
2026-05-02 13:05:55.620 appintentsnltrainingprocessor[23183:5517079] No AppShortcuts found - Skipping.

SwiftDriver ActionLens normal arm64 com.apple.xcode.tools.swift.compiler (in target 'ActionLens' from project 'ActionLens')
    cd /Users/nikitamarshchonok/Desktop/ActionLens
    builtin-SwiftDriver -- /Applications/Xcode.app/Contents/Developer/Toolchains/XcodeDefault.xctoolchain/usr/bin/swiftc -module-name ActionLens -Onone @/Users/nikitamarshchonok/Desktop/ActionLens/.DerivedDataLocal/Build/Intermediates.noindex/ActionLens.build/Debug-iphoneos/ActionLens.build/Objects-normal/arm64/ActionLens.SwiftFileList -DDEBUG -default-isolation\=MainActor -enable-bare-slash-regex -enable-upcoming-feature DisableOutwardActorInference -enable-upcoming-feature InferSendableFromCaptures -enable-upcoming-feature GlobalActorIsolatedTypesUsability -enable-upcoming-feature MemberImportVisibility -enable-upcoming-feature InferIsolatedConformances -enable-upcoming-feature NonisolatedNonsendingByDefault -enable-experimental-feature DebugDescriptionMacro -sdk /Applications/Xcode.app/Contents/Developer/Platforms/iPhoneOS.platform/Developer/SDKs/iPhoneOS26.4.sdk -target arm64-apple-ios17.0 -g -module-cache-path /Users/nikitamarshchonok/Desktop/ActionLens/.DerivedDataLocal/ModuleCache.noindex -Xfrontend -serialize-debugging-options -enable-testing -index-store-path /Users/nikitamarshchonok/Desktop/ActionLens/.DerivedDataLocal/Index.noindex/DataStore -Xcc -D_LIBCPP_HARDENING_MODE\=_LIBCPP_HARDENING_MODE_DEBUG -swift-version 5 -I /Users/nikitamarshchonok/Desktop/ActionLens/.DerivedDataLocal/Build/Products/Debug-iphoneos -F /Users/nikitamarshchonok/Desktop/ActionLens/.DerivedDataLocal/Build/Products/Debug-iphoneos -emit-localized-strings -emit-localized-strings-path /Users/nikitamarshchonok/Desktop/ActionLens/.DerivedDataLocal/Build/Intermediates.noindex/ActionLens.build/Debug-iphoneos/ActionLens.build/Objects-normal/arm64 -c -j12 -enable-batch-mode -incremental -Xcc -ivfsstatcache -Xcc /Users/nikitamarshchonok/Desktop/ActionLens/.DerivedDataLocal/SDKStatCaches.noindex/iphoneos26.4-23E237-68a138bb55de9ba35ce6c8c40d12849e.sdkstatcache -output-file-map /Users/nikitamarshchonok/Desktop/ActionLens/.DerivedDataLocal/Build/Intermediates.noindex/ActionLens.build/Debug-iphoneos/ActionLens.build/Objects-normal/arm64/ActionLens-OutputFileMap.json -use-frontend-parseable-output -save-temps -no-color-diagnostics -explicit-module-build -module-cache-path /Users/nikitamarshchonok/Desktop/ActionLens/.DerivedDataLocal/Build/Intermediates.noindex/SwiftExplicitPrecompiledModules -clang-scanner-module-cache-path /Users/nikitamarshchonok/Desktop/ActionLens/.DerivedDataLocal/ModuleCache.noindex -sdk-module-cache-path /Users/nikitamarshchonok/Desktop/ActionLens/.DerivedDataLocal/ModuleCache.noindex -serialize-diagnostics -emit-dependencies -emit-module -emit-module-path /Users/nikitamarshchonok/Desktop/ActionLens/.DerivedDataLocal/Build/Intermediates.noindex/ActionLens.build/Debug-iphoneos/ActionLens.build/Objects-normal/arm64/ActionLens.swiftmodule -validate-clang-modules-once -clang-build-session-file /Users/nikitamarshchonok/Desktop/ActionLens/.DerivedDataLocal/ModuleCache.noindex/Session.modulevalidation -Xcc -I/Users/nikitamarshchonok/Desktop/ActionLens/.DerivedDataLocal/Build/Intermediates.noindex/ActionLens.build/Debug-iphoneos/ActionLens.build/swift-overrides.hmap -emit-const-values -Xfrontend -const-gather-protocols-file -Xfrontend /Users/nikitamarshchonok/Desktop/ActionLens/.DerivedDataLocal/Build/Intermediates.noindex/ActionLens.build/Debug-iphoneos/ActionLens.build/Objects-normal/arm64/ActionLens_const_extract_protocols.json -Xcc -iquote -Xcc /Users/nikitamarshchonok/Desktop/ActionLens/.DerivedDataLocal/Build/Intermediates.noindex/ActionLens.build/Debug-iphoneos/ActionLens.build/ActionLens-generated-files.hmap -Xcc -I/Users/nikitamarshchonok/Desktop/ActionLens/.DerivedDataLocal/Build/Intermediates.noindex/ActionLens.build/Debug-iphoneos/ActionLens.build/ActionLens-own-target-headers.hmap -Xcc -I/Users/nikitamarshchonok/Desktop/ActionLens/.DerivedDataLocal/Build/Intermediates.noindex/ActionLens.build/Debug-iphoneos/ActionLens.build/ActionLens-all-target-headers.hmap -Xcc -iquote -Xcc /Users/nikitamarshchonok/Desktop/ActionLens/.DerivedDataLocal/Build/Intermediates.noindex/ActionLens.build/Debug-iphoneos/ActionLens.build/ActionLens-project-headers.hmap -Xcc -I/Users/nikitamarshchonok/Desktop/ActionLens/.DerivedDataLocal/Build/Products/Debug-iphoneos/include -Xcc -I/Users/nikitamarshchonok/Desktop/ActionLens/.DerivedDataLocal/Build/Intermediates.noindex/ActionLens.build/Debug-iphoneos/ActionLens.build/DerivedSources-normal/arm64 -Xcc -I/Users/nikitamarshchonok/Desktop/ActionLens/.DerivedDataLocal/Build/Intermediates.noindex/ActionLens.build/Debug-iphoneos/ActionLens.build/DerivedSources/arm64 -Xcc -I/Users/nikitamarshchonok/Desktop/ActionLens/.DerivedDataLocal/Build/Intermediates.noindex/ActionLens.build/Debug-iphoneos/ActionLens.build/DerivedSources -Xcc -DDEBUG\=1 -emit-objc-header -emit-objc-header-path /Users/nikitamarshchonok/Desktop/ActionLens/.DerivedDataLocal/Build/Intermediates.noindex/ActionLens.build/Debug-iphoneos/ActionLens.build/Objects-normal/arm64/ActionLens-Swift.h -working-directory /Users/nikitamarshchonok/Desktop/ActionLens -experimental-emit-module-separately -disable-cmo

SwiftCompile normal arm64 Compiling\ InboxUrgencyGrouping.swift,\ OnboardingState.swift,\ SharedInboxPayload.swift /Users/nikitamarshchonok/Desktop/ActionLens/ActionLens/Core/InboxUrgencyGrouping.swift /Users/nikitamarshchonok/Desktop/ActionLens/ActionLens/Core/OnboardingState.swift /Users/nikitamarshchonok/Desktop/ActionLens/ActionLens/Core/SharedInboxPayload.swift (in target 'ActionLens' from project 'ActionLens')

SwiftCompile normal arm64 /Users/nikitamarshchonok/Desktop/ActionLens/ActionLens/Core/InboxUrgencyGrouping.swift (in target 'ActionLens' from project 'ActionLens')
    cd /Users/nikitamarshchonok/Desktop/ActionLens
    

SwiftCompile normal arm64 /Users/nikitamarshchonok/Desktop/ActionLens/ActionLens/Core/OnboardingState.swift (in target 'ActionLens' from project 'ActionLens')
    cd /Users/nikitamarshchonok/Desktop/ActionLens
    

SwiftCompile normal arm64 /Users/nikitamarshchonok/Desktop/ActionLens/ActionLens/Core/SharedInboxPayload.swift (in target 'ActionLens' from project 'ActionLens')
    cd /Users/nikitamarshchonok/Desktop/ActionLens
    

sandbox-exec: sandbox_apply: Operation not permitted
SwiftCompile normal arm64 Compiling\ ActionLensApp.swift,\ FirstRunOnboardingView.swift,\ RootTabView.swift /Users/nikitamarshchonok/Desktop/ActionLens/ActionLens/App/ActionLensApp.swift /Users/nikitamarshchonok/Desktop/ActionLens/ActionLens/App/FirstRunOnboardingView.swift /Users/nikitamarshchonok/Desktop/ActionLens/ActionLens/App/RootTabView.swift (in target 'ActionLens' from project 'ActionLens')
SwiftCompile normal arm64 /Users/nikitamarshchonok/Desktop/ActionLens/ActionLens/App/ActionLensApp.swift (in target 'ActionLens' from project 'ActionLens')
    cd /Users/nikitamarshchonok/Desktop/ActionLens
    

SwiftCompile normal arm64 /Users/nikitamarshchonok/Desktop/ActionLens/ActionLens/App/FirstRunOnboardingView.swift (in target 'ActionLens' from project 'ActionLens')
    cd /Users/nikitamarshchonok/Desktop/ActionLens
    

SwiftCompile normal arm64 /Users/nikitamarshchonok/Desktop/ActionLens/ActionLens/App/RootTabView.swift (in target 'ActionLens' from project 'ActionLens')
    cd /Users/nikitamarshchonok/Desktop/ActionLens
    

sandbox-exec: sandbox_apply: Operation not permitted
SwiftCompile normal arm64 Compiling\ AppEnvironment.swift,\ InboxFiltering.swift,\ InboxItemType.swift /Users/nikitamarshchonok/Desktop/ActionLens/ActionLens/Core/AppEnvironment.swift /Users/nikitamarshchonok/Desktop/ActionLens/ActionLens/Core/InboxFiltering.swift /Users/nikitamarshchonok/Desktop/ActionLens/ActionLens/Core/InboxItemType.swift (in target 'ActionLens' from project 'ActionLens')
SwiftCompile normal arm64 /Users/nikitamarshchonok/Desktop/ActionLens/ActionLens/Core/AppEnvironment.swift (in target 'ActionLens' from project 'ActionLens')
    cd /Users/nikitamarshchonok/Desktop/ActionLens
    

SwiftCompile normal arm64 /Users/nikitamarshchonok/Desktop/ActionLens/ActionLens/Core/InboxFiltering.swift (in target 'ActionLens' from project 'ActionLens')
    cd /Users/nikitamarshchonok/Desktop/ActionLens
    

SwiftCompile normal arm64 /Users/nikitamarshchonok/Desktop/ActionLens/ActionLens/Core/InboxItemType.swift (in target 'ActionLens' from project 'ActionLens')
    cd /Users/nikitamarshchonok/Desktop/ActionLens
    

sandbox-exec: sandbox_apply: Operation not permitted
SwiftCompile normal arm64 Compiling\ InboxViewModel.swift,\ SearchView.swift,\ SearchViewModel.swift /Users/nikitamarshchonok/Desktop/ActionLens/ActionLens/Features/Inbox/InboxViewModel.swift /Users/nikitamarshchonok/Desktop/ActionLens/ActionLens/Features/Search/SearchView.swift /Users/nikitamarshchonok/Desktop/ActionLens/ActionLens/Features/Search/SearchViewModel.swift (in target 'ActionLens' from project 'ActionLens')
sandbox-exec: sandbox_apply: Operation not permitted

SwiftCompile normal arm64 /Users/nikitamarshchonok/Desktop/ActionLens/ActionLens/Features/Inbox/InboxViewModel.swift (in target 'ActionLens' from project 'ActionLens')
    cd /Users/nikitamarshchonok/Desktop/ActionLens
    

SwiftCompile normal arm64 /Users/nikitamarshchonok/Desktop/ActionLens/ActionLens/Features/Search/SearchView.swift (in target 'ActionLens' from project 'ActionLens')
    cd /Users/nikitamarshchonok/Desktop/ActionLens
    

SwiftCompile normal arm64 /Users/nikitamarshchonok/Desktop/ActionLens/ActionLens/Features/Search/SearchViewModel.swift (in target 'ActionLens' from project 'ActionLens')
    cd /Users/nikitamarshchonok/Desktop/ActionLens
    

SwiftCompile normal arm64 Compiling\ SettingsView.swift,\ SettingsViewModel.swift,\ InboxItem.swift /Users/nikitamarshchonok/Desktop/ActionLens/ActionLens/Features/Settings/SettingsView.swift /Users/nikitamarshchonok/Desktop/ActionLens/ActionLens/Features/Settings/SettingsViewModel.swift /Users/nikitamarshchonok/Desktop/ActionLens/ActionLens/Models/InboxItem.swift (in target 'ActionLens' from project 'ActionLens')
sandbox-exec: sandbox_apply: Operation not permitted

SwiftCompile normal arm64 /Users/nikitamarshchonok/Desktop/ActionLens/ActionLens/Features/Settings/SettingsView.swift (in target 'ActionLens' from project 'ActionLens')
    cd /Users/nikitamarshchonok/Desktop/ActionLens
    

SwiftCompile normal arm64 /Users/nikitamarshchonok/Desktop/ActionLens/ActionLens/Features/Settings/SettingsViewModel.swift (in target 'ActionLens' from project 'ActionLens')
    cd /Users/nikitamarshchonok/Desktop/ActionLens
    

SwiftCompile normal arm64 /Users/nikitamarshchonok/Desktop/ActionLens/ActionLens/Models/InboxItem.swift (in target 'ActionLens' from project 'ActionLens')
    cd /Users/nikitamarshchonok/Desktop/ActionLens
    

SwiftCompile normal arm64 Compiling\ AppShellService.swift,\ ContactsActionService.swift,\ DemoShowcaseService.swift /Users/nikitamarshchonok/Desktop/ActionLens/ActionLens/Services/AppShellService.swift /Users/nikitamarshchonok/Desktop/ActionLens/ActionLens/Services/ContactsActionService.swift /Users/nikitamarshchonok/Desktop/ActionLens/ActionLens/Services/DemoShowcaseService.swift (in target 'ActionLens' from project 'ActionLens')
sandbox-exec: sandbox_apply: Operation not permitted

SwiftCompile normal arm64 /Users/nikitamarshchonok/Desktop/ActionLens/ActionLens/Services/AppShellService.swift (in target 'ActionLens' from project 'ActionLens')
    cd /Users/nikitamarshchonok/Desktop/ActionLens
    

SwiftCompile normal arm64 /Users/nikitamarshchonok/Desktop/ActionLens/ActionLens/Services/ContactsActionService.swift (in target 'ActionLens' from project 'ActionLens')
    cd /Users/nikitamarshchonok/Desktop/ActionLens
    

SwiftCompile normal arm64 /Users/nikitamarshchonok/Desktop/ActionLens/ActionLens/Services/DemoShowcaseService.swift (in target 'ActionLens' from project 'ActionLens')
    cd /Users/nikitamarshchonok/Desktop/ActionLens
    

SwiftCompile normal arm64 Compiling\ EventKitActionService.swift,\ ImageOCRService.swift,\ ImportService.swift /Users/nikitamarshchonok/Desktop/ActionLens/ActionLens/Services/EventKitActionService.swift /Users/nikitamarshchonok/Desktop/ActionLens/ActionLens/Services/ImageOCRService.swift /Users/nikitamarshchonok/Desktop/ActionLens/ActionLens/Services/ImportService.swift (in target 'ActionLens' from project 'ActionLens')
sandbox-exec: sandbox_apply: Operation not permitted

SwiftCompile normal arm64 /Users/nikitamarshchonok/Desktop/ActionLens/ActionLens/Services/EventKitActionService.swift (in target 'ActionLens' from project 'ActionLens')
    cd /Users/nikitamarshchonok/Desktop/ActionLens
    

SwiftCompile normal arm64 /Users/nikitamarshchonok/Desktop/ActionLens/ActionLens/Services/ImageOCRService.swift (in target 'ActionLens' from project 'ActionLens')
    cd /Users/nikitamarshchonok/Desktop/ActionLens
    

SwiftCompile normal arm64 /Users/nikitamarshchonok/Desktop/ActionLens/ActionLens/Services/ImportService.swift (in target 'ActionLens' from project 'ActionLens')
    cd /Users/nikitamarshchonok/Desktop/ActionLens
    

SwiftCompile normal arm64 Compiling\ LocalItemClassificationService.swift,\ LocalSmartActionService.swift,\ SharedInboxDebugStateStore.swift /Users/nikitamarshchonok/Desktop/ActionLens/ActionLens/Services/LocalItemClassificationService.swift /Users/nikitamarshchonok/Desktop/ActionLens/ActionLens/Services/LocalSmartActionService.swift /Users/nikitamarshchonok/Desktop/ActionLens/ActionLens/Services/SharedInboxDebugStateStore.swift (in target 'ActionLens' from project 'ActionLens')

SwiftCompile normal arm64 /Users/nikitamarshchonok/Desktop/ActionLens/ActionLens/Services/LocalItemClassificationService.swift (in target 'ActionLens' from project 'ActionLens')
    cd /Users/nikitamarshchonok/Desktop/ActionLens
    

SwiftCompile normal arm64 /Users/nikitamarshchonok/Desktop/ActionLens/ActionLens/Services/LocalSmartActionService.swift (in target 'ActionLens' from project 'ActionLens')
    cd /Users/nikitamarshchonok/Desktop/ActionLens
    

SwiftCompile normal arm64 /Users/nikitamarshchonok/Desktop/ActionLens/ActionLens/Services/SharedInboxDebugStateStore.swift (in target 'ActionLens' from project 'ActionLens')
    cd /Users/nikitamarshchonok/Desktop/ActionLens
    

SwiftEmitModule normal arm64 Emitting\ module\ for\ ActionLens (in target 'ActionLens' from project 'ActionLens')
sandbox-exec: sandbox_apply: Operation not permitted
Failed frontend command:
/Applications/Xcode.app/Contents/Developer/Toolchains/XcodeDefault.xctoolchain/usr/bin/swift-frontend -frontend -emit-module -experimental-skip-non-inlinable-function-bodies-without-types /Users/nikitamarshchonok/Desktop/ActionLens/ActionLens/App/ActionLensApp.swift /Users/nikitamarshchonok/Desktop/ActionLens/ActionLens/App/FirstRunOnboardingView.swift /Users/nikitamarshchonok/Desktop/ActionLens/ActionLens/App/RootTabView.swift /Users/nikitamarshchonok/Desktop/ActionLens/ActionLens/Core/AppEnvironment.swift /Users/nikitamarshchonok/Desktop/ActionLens/ActionLens/Core/InboxFiltering.swift /Users/nikitamarshchonok/Desktop/ActionLens/ActionLens/Core/InboxItemType.swift /Users/nikitamarshchonok/Desktop/ActionLens/ActionLens/Core/InboxUrgencyGrouping.swift /Users/nikitamarshchonok/Desktop/ActionLens/ActionLens/Core/OnboardingState.swift /Users/nikitamarshchonok/Desktop/ActionLens/ActionLens/Core/SharedInboxPayload.swift /Users/nikitamarshchonok/Desktop/ActionLens/ActionLens/Extensions/View+Placeholder.swift /Users/nikitamarshchonok/Desktop/ActionLens/ActionLens/Features/Import/ImportView.swift /Users/nikitamarshchonok/Desktop/ActionLens/ActionLens/Features/Import/ImportViewModel.swift /Users/nikitamarshchonok/Desktop/ActionLens/ActionLens/Features/Inbox/InboxItemDetailView.swift /Users/nikitamarshchonok/Desktop/ActionLens/ActionLens/Features/Inbox/InboxItemDetailViewModel.swift /Users/nikitamarshchonok/Desktop/ActionLens/ActionLens/Features/Inbox/InboxView.swift /Users/nikitamarshchonok/Desktop/ActionLens/ActionLens/Features/Inbox/InboxViewModel.swift /Users/nikitamarshchonok/Desktop/ActionLens/ActionLens/Features/Search/SearchView.swift /Users/nikitamarshchonok/Desktop/ActionLens/ActionLens/Features/Search/SearchViewModel.swift /Users/nikitamarshchonok/Desktop/ActionLens/ActionLens/Features/Settings/SettingsView.swift /Users/nikitamarshchonok/Desktop/ActionLens/ActionLens/Features/Settings/SettingsViewModel.swift /Users/nikitamarshchonok/Desktop/ActionLens/ActionLens/Models/InboxItem.swift /Users/nikitamarshchonok/Desktop/ActionLens/ActionLens/Services/AppShellService.swift /Users/nikitamarshchonok/Desktop/ActionLens/ActionLens/Services/ContactsActionService.swift /Users/nikitamarshchonok/Desktop/ActionLens/ActionLens/Services/DemoShowcaseService.swift /Users/nikitamarshchonok/Desktop/ActionLens/ActionLens/Services/EventKitActionService.swift /Users/nikitamarshchonok/Desktop/ActionLens/ActionLens/Services/ImageOCRService.swift /Users/nikitamarshchonok/Desktop/ActionLens/ActionLens/Services/ImportService.swift /Users/nikitamarshchonok/Desktop/ActionLens/ActionLens/Services/InboxSeedService.swift /Users/nikitamarshchonok/Desktop/ActionLens/ActionLens/Services/ItemTypeBackfillService.swift /Users/nikitamarshchonok/Desktop/ActionLens/ActionLens/Services/LocalEntityExtractionService.swift /Users/nikitamarshchonok/Desktop/ActionLens/ActionLens/Services/LocalItemClassificationService.swift /Users/nikitamarshchonok/Desktop/ActionLens/ActionLens/Services/LocalSmartActionService.swift /Users/nikitamarshchonok/Desktop/ActionLens/ActionLens/Services/SharedInboxDebugStateStore.swift /Users/nikitamarshchonok/Desktop/ActionLens/ActionLens/Services/SharedInboxIngestionService.swift /Users/nikitamarshchonok/Desktop/ActionLens/ActionLens/Services/SharedInboxStore.swift /Users/nikitamarshchonok/Desktop/ActionLens/.DerivedDataLocal/Build/Intermediates.noindex/ActionLens.build/Debug-iphoneos/ActionLens.build/DerivedSources/GeneratedAssetSymbols.swift -target arm64-apple-ios17.0 -module-can-import-version DeveloperToolsSupport 23.40.26 23.40.26 -module-can-import-version SwiftUI 7.4.27.1 7.4.27 -module-can-import-version UIKit 9126.4.27.1 9126.4.27 -disable-cross-import-overlay-search -swift-module-cross-import PhotosUI /Applications/Xcode.app/Contents/Developer/Platforms/iPhoneOS.platform/Developer/SDKs/iPhoneOS.sdk/System/Library/Frameworks/PhotosUI.framework/Modules/PhotosUI.swiftcrossimport/SwiftUI.swiftoverlay -swift-module-cross-import PhotosUI /Applications/Xcode.app/Contents/Developer/Platforms/iPhoneOS.platform/Developer/SDKs/iPhoneOS.sdk/System/Library/Frameworks/PhotosUI.framework/Modules/PhotosUI.swiftcrossimport/WidgetKit.swiftoverlay -swift-module-cross-import PhotosUI /Applications/Xcode.app/Contents/Developer/Platforms/iPhoneOS.platform/Developer/SDKs/iPhoneOS26.4.sdk/System/Library/Frameworks/PhotosUI.framework/Modules/PhotosUI.swiftcrossimport/SwiftUI.swiftoverlay -swift-module-cross-import PhotosUI /Applications/Xcode.app/Contents/Developer/Platforms/iPhoneOS.platform/Developer/SDKs/iPhoneOS26.4.sdk/System/Library/Frameworks/PhotosUI.framework/Modules/PhotosUI.swiftcrossimport/WidgetKit.swiftoverlay -swift-module-cross-import SwiftData /Applications/Xcode.app/Contents/Developer/Platforms/iPhoneOS.platform/Developer/SDKs/iPhoneOS26.4.sdk/System/Library/Frameworks/SwiftData.framework/Modules/SwiftData.swiftcrossimport/CoreData.swiftoverlay -swift-module-cross-import SwiftData /Applications/Xcode.app/Contents/Developer/Platforms/iPhoneOS.platform/Developer/SDKs/iPhoneOS26.4.sdk/System/Library/Frameworks/SwiftData.framework/Modules/SwiftData.swiftcrossimport/SwiftUI.swiftoverlay -load-resolved-plugin /Applications/Xcode.app/Contents/Developer/Platforms/iPhoneOS.platform/Developer/usr/lib/swift/host/plugins/libFoundationMacros.dylib\#/Applications/Xcode.app/Contents/Developer/Platforms/iPhoneOS.platform/Developer/usr/bin/swift-plugin-server\#FoundationMacros -load-resolved-plugin /Applications/Xcode.app/Contents/Developer/Platforms/iPhoneOS.platform/Developer/usr/lib/swift/host/plugins/libObservationMacros.dylib\#/Applications/Xcode.app/Contents/Developer/Platforms/iPhoneOS.platform/Developer/usr/bin/swift-plugin-server\#ObservationMacros -load-resolved-plugin /Applications/Xcode.app/Contents/Developer/Platforms/iPhoneOS.platform/Developer/usr/lib/swift/host/plugins/libPreviewsMacros.dylib\#/Applications/Xcode.app/Contents/Developer/Platforms/iPhoneOS.platform/Developer/usr/bin/swift-plugin-server\#PreviewsMacros -load-resolved-plugin /Applications/Xcode.app/Contents/Developer/Platforms/iPhoneOS.platform/Developer/usr/lib/swift/host/plugins/libSwiftDataMacros.dylib\#/Applications/Xcode.app/Contents/Developer/Platforms/iPhoneOS.platform/Developer/usr/bin/swift-plugin-server\#SwiftDataMacros -load-resolved-plugin /Applications/Xcode.app/Contents/Developer/Platforms/iPhoneOS.platform/Developer/usr/lib/swift/host/plugins/libSwiftMacros.dylib\#/Applications/Xcode.app/Contents/Developer/Platforms/iPhoneOS.platform/Developer/usr/bin/swift-plugin-server\#SwiftMacros -load-resolved-plugin /Applications/Xcode.app/Contents/Developer/Platforms/iPhoneOS.platform/Developer/usr/lib/swift/host/plugins/libSwiftUIMacros.dylib\#/Applications/Xcode.app/Contents/Developer/Platforms/iPhoneOS.platform/Developer/usr/bin/swift-plugin-server\#SwiftUIMacros -disable-implicit-swift-modules -Xcc -fno-implicit-modules -Xcc -fno-implicit-module-maps -explicit-swift-module-map-file /Users/nikitamarshchonok/Desktop/ActionLens/.DerivedDataLocal/Build/Intermediates.noindex/ActionLens.build/Debug-iphoneos/ActionLens.build/Objects-normal/arm64/ActionLens-dependencies-1.json -Xllvm -aarch64-use-tbi -enable-objc-interop -stack-check -sdk /Applications/Xcode.app/Contents/Developer/Platforms/iPhoneOS.platform/Developer/SDKs/iPhoneOS26.4.sdk -I /Users/nikitamarshchonok/Desktop/ActionLens/.DerivedDataLocal/Build/Products/Debug-iphoneos -F /Users/nikitamarshchonok/Desktop/ActionLens/.DerivedDataLocal/Build/Products/Debug-iphoneos -no-color-diagnostics -Xcc -fno-color-diagnostics -enable-testing -g -debug-info-format\=dwarf -dwarf-version\=4 -module-cache-path /Users/nikitamarshchonok/Desktop/ActionLens/.DerivedDataLocal/Build/Intermediates.noindex/SwiftExplicitPrecompiledModules -swift-version 5 -Onone -D DEBUG -serialize-debugging-options -const-gather-protocols-file /Users/nikitamarshchonok/Desktop/ActionLens/.DerivedDataLocal/Build/Intermediates.noindex/ActionLens.build/Debug-iphoneos/ActionLens.build/Objects-normal/arm64/ActionLens_const_extract_protocols.json -enable-upcoming-feature DisableOutwardActorInference -enable-upcoming-feature InferSendableFromCaptures -enable-upcoming-feature GlobalActorIsolatedTypesUsability -enable-upcoming-feature MemberImportVisibility -enable-upcoming-feature InferIsolatedConformances -enable-upcoming-feature NonisolatedNonsendingByDefault -enable-experimental-feature DebugDescriptionMacro -enable-bare-slash-regex -default-isolation\=MainActor -empty-abi-descriptor -validate-clang-modules-once -clang-build-session-file /Users/nikitamarshchonok/Desktop/ActionLens/.DerivedDataLocal/ModuleCache.noindex/Session.modulevalidation -Xcc -working-directory -Xcc /Users/nikitamarshchonok/Desktop/ActionLens -enable-anonymous-context-mangled-names -file-compilation-dir /Users/nikitamarshchonok/Desktop/ActionLens -Xcc -D_LIBCPP_HARDENING_MODE\=_LIBCPP_HARDENING_MODE_DEBUG -Xcc -ivfsstatcache -Xcc /Users/nikitamarshchonok/Desktop/ActionLens/.DerivedDataLocal/SDKStatCaches.noindex/iphoneos26.4-23E237-68a138bb55de9ba35ce6c8c40d12849e.sdkstatcache -Xcc -I/Users/nikitamarshchonok/Desktop/ActionLens/.DerivedDataLocal/Build/Intermediates.noindex/ActionLens.build/Debug-iphoneos/ActionLens.build/swift-overrides.hmap -Xcc -iquote -Xcc /Users/nikitamarshchonok/Desktop/ActionLens/.DerivedDataLocal/Build/Intermediates.noindex/ActionLens.build/Debug-iphoneos/ActionLens.build/ActionLens-generated-files.hmap -Xcc -I/Users/nikitamarshchonok/Desktop/ActionLens/.DerivedDataLocal/Build/Intermediates.noindex/ActionLens.build/Debug-iphoneos/ActionLens.build/ActionLens-own-target-headers.hmap -Xcc -I/Users/nikitamarshchonok/Desktop/ActionLens/.DerivedDataLocal/Build/Intermediates.noindex/ActionLens.build/Debug-iphoneos/ActionLens.build/ActionLens-all-target-headers.hmap -Xcc -iquote -Xcc /Users/nikitamarshchonok/Desktop/ActionLens/.DerivedDataLocal/Build/Intermediates.noindex/ActionLens.build/Debug-iphoneos/ActionLens.build/ActionLens-project-headers.hmap -Xcc -I/Users/nikitamarshchonok/Desktop/ActionLens/.DerivedDataLocal/Build/Products/Debug-iphoneos/include -Xcc -I/Users/nikitamarshchonok/Desktop/ActionLens/.DerivedDataLocal/Build/Intermediates.noindex/ActionLens.build/Debug-iphoneos/ActionLens.build/DerivedSources-normal/arm64 -Xcc -I/Users/nikitamarshchonok/Desktop/ActionLens/.DerivedDataLocal/Build/Intermediates.noindex/ActionLens.build/Debug-iphoneos/ActionLens.build/DerivedSources/arm64 -Xcc -I/Users/nikitamarshchonok/Desktop/ActionLens/.DerivedDataLocal/Build/Intermediates.noindex/ActionLens.build/Debug-iphoneos/ActionLens.build/DerivedSources -Xcc -DDEBUG\=1 -no-auto-bridging-header-chaining -module-name ActionLens -frontend-parseable-output -disable-clang-spi -clang-target arm64-apple-ios26.4 -target-sdk-version 26.4 -target-sdk-name iphoneos26.4 -in-process-plugin-server-path /Applications/Xcode.app/Contents/Developer/Toolchains/XcodeDefault.xctoolchain/usr/lib/swift/host/libSwiftInProcPluginServer.dylib -emit-module-doc-path /Users/nikitamarshchonok/Desktop/ActionLens/.DerivedDataLocal/Build/Intermediates.noindex/ActionLens.build/Debug-iphoneos/ActionLens.build/Objects-normal/arm64/ActionLens.swiftdoc -emit-module-source-info-path /Users/nikitamarshchonok/Desktop/ActionLens/.DerivedDataLocal/Build/Intermediates.noindex/ActionLens.build/Debug-iphoneos/ActionLens.build/Objects-normal/arm64/ActionLens.swiftsourceinfo -emit-objc-header-path /Users/nikitamarshchonok/Desktop/ActionLens/.DerivedDataLocal/Build/Intermediates.noindex/ActionLens.build/Debug-iphoneos/ActionLens.build/Objects-normal/arm64/ActionLens-Swift.h -serialize-diagnostics-path /Users/nikitamarshchonok/Desktop/ActionLens/.DerivedDataLocal/Build/Intermediates.noindex/ActionLens.build/Debug-iphoneos/ActionLens.build/Objects-normal/arm64/ActionLens-primary-emit-module.dia -emit-dependencies-path /Users/nikitamarshchonok/Desktop/ActionLens/.DerivedDataLocal/Build/Intermediates.noindex/ActionLens.build/Debug-iphoneos/ActionLens.build/Objects-normal/arm64/ActionLens-primary-emit-module.d -o /Users/nikitamarshchonok/Desktop/ActionLens/.DerivedDataLocal/Build/Intermediates.noindex/ActionLens.build/Debug-iphoneos/ActionLens.build/Objects-normal/arm64/ActionLens.swiftmodule -emit-abi-descriptor-path /Users/nikitamarshchonok/Desktop/ActionLens/.DerivedDataLocal/Build/Intermediates.noindex/ActionLens.build/Debug-iphoneos/ActionLens.build/Objects-normal/arm64/ActionLens.abi.json

EmitSwiftModule normal arm64 (in target 'ActionLens' from project 'ActionLens')
    cd /Users/nikitamarshchonok/Desktop/ActionLens
    
/Users/nikitamarshchonok/Desktop/ActionLens/ActionLens/Models/InboxItem.swift:5:13: error: external macro implementation type 'SwiftDataMacros.PersistentModelMacro' could not be found for macro 'Model()'; '/Applications/Xcode.app/Contents/Developer/Platforms/iPhoneOS.platform/Developer/usr/bin/swift-plugin-server' produced malformed response
final class InboxItem {
            ^
SwiftData.Model:3:373: note: 'Model()' declared here
@attached(member, conformances: Observable, PersistentModel, Sendable, names: named(_$backingData), named(persistentBackingData), named(schemaMetadata), named(init), named(_$observationRegistrar), named(_SwiftDataNoType), named(access), named(withMutation)) @attached(memberAttribute) @attached(extension, conformances: Observable, PersistentModel, Sendable) public macro Model() = #externalMacro(module: "SwiftDataMacros", type: "PersistentModelMacro")
                                                                                                                                                                                                                                                                                                                                                                                    ^
/Users/nikitamarshchonok/Desktop/ActionLens/ActionLens/App/ActionLensApp.swift:12:30: error: cannot convert value of type 'InboxItem.Type' to expected element type 'Array<any PersistentModel.Type>.ArrayLiteralElement' (aka 'any PersistentModel.Type')
        let schema = Schema([InboxItem.self])
                             ^
/Users/nikitamarshchonok/Desktop/ActionLens/ActionLens/Features/Inbox/InboxItemDetailView.swift:7:6: error: 'init(wrappedValue:)' is unavailable: The wrapped value must be an object that conforms to Observable
    @Bindable private var item: InboxItem
     ^~~~~~~~
SwiftUI.Bindable.init:3:10: note: 'init(wrappedValue:)' has been explicitly marked unavailable here
  public init(wrappedValue: Value)}
         ^
/Users/nikitamarshchonok/Desktop/ActionLens/ActionLens/Models/InboxItem.swift:6:29: error: external macro implementation type 'SwiftDataMacros.PersistentModelMacro' could not be found for macro 'Model()'; '/Applications/Xcode.app/Contents/Developer/Platforms/iPhoneOS.platform/Developer/usr/bin/swift-plugin-server' produced malformed response
    @Attribute(.unique) var id: UUID
                            ^
SwiftData.Model:3:373: note: 'Model()' declared here
@attached(member, conformances: Observable, PersistentModel, Sendable, names: named(_$backingData), named(persistentBackingData), named(schemaMetadata), named(init), named(_$observationRegistrar), named(_SwiftDataNoType), named(access), named(withMutation)) @attached(memberAttribute) @attached(extension, conformances: Observable, PersistentModel, Sendable) public macro Model() = #externalMacro(module: "SwiftDataMacros", type: "PersistentModelMacro")
                                                                                                                                                                                                                                                                                                                                                                                    ^
/Users/nikitamarshchonok/Desktop/ActionLens/ActionLens/Models/InboxItem.swift:7:9: error: external macro implementation type 'SwiftDataMacros.PersistentModelMacro' could not be found for macro 'Model()'; '/Applications/Xcode.app/Contents/Developer/Platforms/iPhoneOS.platform/Developer/usr/bin/swift-plugin-server' produced malformed response
    var title: String
        ^
SwiftData.Model:3:373: note: 'Model()' declared here
@attached(member, conformances: Observable, PersistentModel, Sendable, names: named(_$backingData), named(persistentBackingData), named(schemaMetadata), named(init), named(_$observationRegistrar), named(_SwiftDataNoType), named(access), named(withMutation)) @attached(memberAttribute) @attached(extension, conformances: Observable, PersistentModel, Sendable) public macro Model() = #externalMacro(module: "SwiftDataMacros", type: "PersistentModelMacro")
                                                                                                                                                                                                                                                                                                                                                                                    ^
/Users/nikitamarshchonok/Desktop/ActionLens/ActionLens/Models/InboxItem.swift:8:9: error: external macro implementation type 'SwiftDataMacros.PersistentModelMacro' could not be found for macro 'Model()'; '/Applications/Xcode.app/Contents/Developer/Platforms/iPhoneOS.platform/Developer/usr/bin/swift-plugin-server' produced malformed response
    var sourceType: String
        ^
SwiftData.Model:3:373: note: 'Model()' declared here
@attached(member, conformances: Observable, PersistentModel, Sendable, names: named(_$backingData), named(persistentBackingData), named(schemaMetadata), named(init), named(_$observationRegistrar), named(_SwiftDataNoType), named(access), named(withMutation)) @attached(memberAttribute) @attached(extension, conformances: Observable, PersistentModel, Sendable) public macro Model() = #externalMacro(module: "SwiftDataMacros", type: "PersistentModelMacro")
                                                                                                                                                                                                                                                                                                                                                                                    ^
/Users/nikitamarshchonok/Desktop/ActionLens/ActionLens/Models/InboxItem.swift:9:9: error: external macro implementation type 'SwiftDataMacros.PersistentModelMacro' could not be found for macro 'Model()'; '/Applications/Xcode.app/Contents/Developer/Platforms/iPhoneOS.platform/Developer/usr/bin/swift-plugin-server' produced malformed response
    var createdAt: Date
        ^
SwiftData.Model:3:373: note: 'Model()' declared here
@attached(member, conformances: Observable, PersistentModel, Sendable, names: named(_$backingData), named(persistentBackingData), named(schemaMetadata), named(init), named(_$observationRegistrar), named(_SwiftDataNoType), named(access), named(withMutation)) @attached(memberAttribute) @attached(extension, conformances: Observable, PersistentModel, Sendable) public macro Model() = #externalMacro(module: "SwiftDataMacros", type: "PersistentModelMacro")
                                                                                                                                                                                                                                                                                                                                                                                    ^
/Users/nikitamarshchonok/Desktop/ActionLens/ActionLens/Models/InboxItem.swift:10:9: error: external macro implementation type 'SwiftDataMacros.PersistentModelMacro' could not be found for macro 'Model()'; '/Applications/Xcode.app/Contents/Developer/Platforms/iPhoneOS.platform/Developer/usr/bin/swift-plugin-server' produced malformed response
    var status: String
        ^
SwiftData.Model:3:373: note: 'Model()' declared here
@attached(member, conformances: Observable, PersistentModel, Sendable, names: named(_$backingData), named(persistentBackingData), named(schemaMetadata), named(init), named(_$observationRegistrar), named(_SwiftDataNoType), named(access), named(withMutation)) @attached(memberAttribute) @attached(extension, conformances: Observable, PersistentModel, Sendable) public macro Model() = #externalMacro(module: "SwiftDataMacros", type: "PersistentModelMacro")
                                                                                                                                                                                                                                                                                                                                                                                    ^
/Users/nikitamarshchonok/Desktop/ActionLens/ActionLens/Models/InboxItem.swift:11:9: error: external macro implementation type 'SwiftDataMacros.PersistentModelMacro' could not be found for macro 'Model()'; '/Applications/Xcode.app/Contents/Developer/Platforms/iPhoneOS.platform/Developer/usr/bin/swift-plugin-server' produced malformed response
    var extractedText: String?
        ^
SwiftData.Model:3:373: note: 'Model()' declared here
@attached(member, conformances: Observable, PersistentModel, Sendable, names: named(_$backingData), named(persistentBackingData), named(schemaMetadata), named(init), named(_$observationRegistrar), named(_SwiftDataNoType), named(access), named(withMutation)) @attached(memberAttribute) @attached(extension, conformances: Observable, PersistentModel, Sendable) public macro Model() = #externalMacro(module: "SwiftDataMacros", type: "PersistentModelMacro")
                                                                                                                                                                                                                                                                                                                                                                                    ^
/Users/nikitamarshchonok/Desktop/ActionLens/ActionLens/Models/InboxItem.swift:12:9: error: external macro implementation type 'SwiftDataMacros.PersistentModelMacro' could not be found for macro 'Model()'; '/Applications/Xcode.app/Contents/Developer/Platforms/iPhoneOS.platform/Developer/usr/bin/swift-plugin-server' produced malformed response
    var itemTypeRaw: String?
        ^
SwiftData.Model:3:373: note: 'Model()' declared here
@attached(member, conformances: Observable, PersistentModel, Sendable, names: named(_$backingData), named(persistentBackingData), named(schemaMetadata), named(init), named(_$observationRegistrar), named(_SwiftDataNoType), named(access), named(withMutation)) @attached(memberAttribute) @attached(extension, conformances: Observable, PersistentModel, Sendable) public macro Model() = #externalMacro(module: "SwiftDataMacros", type: "PersistentModelMacro")
                                                                                                                                                                                                                                                                                                                                                                                    ^
/Users/nikitamarshchonok/Desktop/ActionLens/ActionLens/Models/InboxItem.swift:13:9: error: external macro implementation type 'SwiftDataMacros.PersistentModelMacro' could not be found for macro 'Model()'; '/Applications/Xcode.app/Contents/Developer/Platforms/iPhoneOS.platform/Developer/usr/bin/swift-plugin-server' produced malformed response
    var isDemoItem: Bool
        ^
SwiftData.Model:3:373: note: 'Model()' declared here
@attached(member, conformances: Observable, PersistentModel, Sendable, names: named(_$backingData), named(persistentBackingData), named(schemaMetadata), named(init), named(_$observationRegistrar), named(_SwiftDataNoType), named(access), named(withMutation)) @attached(memberAttribute) @attached(extension, conformances: Observable, PersistentModel, Sendable) public macro Model() = #externalMacro(module: "SwiftDataMacros", type: "PersistentModelMacro")
                                                                                                                                                                                                                                                                                                                                                                                    ^
/Users/nikitamarshchonok/Desktop/ActionLens/ActionLens/Models/InboxItem.swift:15:5: error: external macro implementation type 'SwiftDataMacros.PersistentModelMacro' could not be found for macro 'Model()'; '/Applications/Xcode.app/Contents/Developer/Platforms/iPhoneOS.platform/Developer/usr/bin/swift-plugin-server' produced malformed response
    init(
    ^
SwiftData.Model:3:373: note: 'Model()' declared here
@attached(member, conformances: Observable, PersistentModel, Sendable, names: named(_$backingData), named(persistentBackingData), named(schemaMetadata), named(init), named(_$observationRegistrar), named(_SwiftDataNoType), named(access), named(withMutation)) @attached(memberAttribute) @attached(extension, conformances: Observable, PersistentModel, Sendable) public macro Model() = #externalMacro(module: "SwiftDataMacros", type: "PersistentModelMacro")
                                                                                                                                                                                                                                                                                                                                                                                    ^
/Users/nikitamarshchonok/Desktop/ActionLens/ActionLens/Features/Inbox/InboxView.swift:6:5: error: macro 'Query(filter:sort:transaction:)' requires that 'InboxItem' conform to 'PersistentModel'
    @Query(sort: [SortDescriptor(\InboxItem.createdAt, order: .reverse)]) private var items: [InboxItem]
    ^
_SwiftData_SwiftUI.Query:2:72: note: where 'Element' = 'InboxItem'
@attached(accessor) @attached(peer, names: prefixed(`_`)) public macro Query<Element>(filter: Predicate<Element>? = nil, sort descriptors: [SortDescriptor<Element>] = [], transaction: Transaction? = nil) = #externalMacro(module: "SwiftDataMacros", type: "QueryMacro") where Element : PersistentModel
                                                                       ^
/Users/nikitamarshchonok/Desktop/ActionLens/ActionLens/Features/Search/SearchView.swift:5:5: error: macro 'Query(filter:sort:transaction:)' requires that 'InboxItem' conform to 'PersistentModel'
    @Query(sort: [SortDescriptor(\InboxItem.createdAt, order: .reverse)]) private var items: [InboxItem]
    ^
_SwiftData_SwiftUI.Query:2:72: note: where 'Element' = 'InboxItem'
@attached(accessor) @attached(peer, names: prefixed(`_`)) public macro Query<Element>(filter: Predicate<Element>? = nil, sort descriptors: [SortDescriptor<Element>] = [], transaction: Transaction? = nil) = #externalMacro(module: "SwiftDataMacros", type: "QueryMacro") where Element : PersistentModel
                                                                       ^
/Users/nikitamarshchonok/Desktop/ActionLens/ActionLens/Models/InboxItem.swift:5:13: error: external macro implementation type 'SwiftDataMacros.PersistentModelMacro' could not be found for macro 'Model()'; '/Applications/Xcode.app/Contents/Developer/Platforms/iPhoneOS.platform/Developer/usr/bin/swift-plugin-server' produced malformed response
final class InboxItem {
            ^
SwiftData.Model:3:373: note: 'Model()' declared here
@attached(member, conformances: Observable, PersistentModel, Sendable, names: named(_$backingData), named(persistentBackingData), named(schemaMetadata), named(init), named(_$observationRegistrar), named(_SwiftDataNoType), named(access), named(withMutation)) @attached(memberAttribute) @attached(extension, conformances: Observable, PersistentModel, Sendable) public macro Model() = #externalMacro(module: "SwiftDataMacros", type: "PersistentModelMacro")
                                                                                                                                                                                                                                                                                                                                                                                    ^
/Users/nikitamarshchonok/Desktop/ActionLens/ActionLens/Models/InboxItem.swift:6:29: error: external macro implementation type 'SwiftDataMacros.AttributePropertyMacro' could not be found for macro 'Attribute(_:originalName:hashModifier:)'; '/Applications/Xcode.app/Contents/Developer/Platforms/iPhoneOS.platform/Developer/usr/bin/swift-plugin-server' produced malformed response
    @Attribute(.unique) var id: UUID
                            ^
SwiftData.Attribute:3:30: note: 'Attribute(_:originalName:hashModifier:)' declared here
@attached(peer) public macro Attribute(_ options: Schema.Attribute.Option..., originalName: String? = nil, hashModifier: String? = nil) = #externalMacro(module: "SwiftDataMacros", type: "AttributePropertyMacro")
                             ^

SwiftCompile normal arm64 Compiling\ InboxItemDetailView.swift,\ InboxItemDetailViewModel.swift,\ InboxView.swift /Users/nikitamarshchonok/Desktop/ActionLens/ActionLens/Features/Inbox/InboxItemDetailView.swift /Users/nikitamarshchonok/Desktop/ActionLens/ActionLens/Features/Inbox/InboxItemDetailViewModel.swift /Users/nikitamarshchonok/Desktop/ActionLens/ActionLens/Features/Inbox/InboxView.swift (in target 'ActionLens' from project 'ActionLens')
sandbox-exec: sandbox_apply: Operation not permitted

SwiftCompile normal arm64 /Users/nikitamarshchonok/Desktop/ActionLens/ActionLens/Features/Inbox/InboxItemDetailView.swift (in target 'ActionLens' from project 'ActionLens')
    cd /Users/nikitamarshchonok/Desktop/ActionLens
    

SwiftCompile normal arm64 /Users/nikitamarshchonok/Desktop/ActionLens/ActionLens/Features/Inbox/InboxItemDetailViewModel.swift (in target 'ActionLens' from project 'ActionLens')
    cd /Users/nikitamarshchonok/Desktop/ActionLens
    

SwiftCompile normal arm64 /Users/nikitamarshchonok/Desktop/ActionLens/ActionLens/Features/Inbox/InboxView.swift (in target 'ActionLens' from project 'ActionLens')
    cd /Users/nikitamarshchonok/Desktop/ActionLens
    

SwiftCompile normal arm64 Compiling\ SharedInboxIngestionService.swift,\ SharedInboxStore.swift,\ GeneratedAssetSymbols.swift /Users/nikitamarshchonok/Desktop/ActionLens/ActionLens/Services/SharedInboxIngestionService.swift /Users/nikitamarshchonok/Desktop/ActionLens/ActionLens/Services/SharedInboxStore.swift /Users/nikitamarshchonok/Desktop/ActionLens/.DerivedDataLocal/Build/Intermediates.noindex/ActionLens.build/Debug-iphoneos/ActionLens.build/DerivedSources/GeneratedAssetSymbols.swift (in target 'ActionLens' from project 'ActionLens')
SwiftCompile normal arm64 /Users/nikitamarshchonok/Desktop/ActionLens/ActionLens/Services/SharedInboxIngestionService.swift (in target 'ActionLens' from project 'ActionLens')
    cd /Users/nikitamarshchonok/Desktop/ActionLens
    

SwiftCompile normal arm64 /Users/nikitamarshchonok/Desktop/ActionLens/ActionLens/Services/SharedInboxStore.swift (in target 'ActionLens' from project 'ActionLens')
    cd /Users/nikitamarshchonok/Desktop/ActionLens
    

SwiftCompile normal arm64 /Users/nikitamarshchonok/Desktop/ActionLens/.DerivedDataLocal/Build/Intermediates.noindex/ActionLens.build/Debug-iphoneos/ActionLens.build/DerivedSources/GeneratedAssetSymbols.swift (in target 'ActionLens' from project 'ActionLens')
    cd /Users/nikitamarshchonok/Desktop/ActionLens
    

sandbox-exec: sandbox_apply: Operation not permitted
SwiftCompile normal arm64 Compiling\ View+Placeholder.swift,\ ImportView.swift,\ ImportViewModel.swift /Users/nikitamarshchonok/Desktop/ActionLens/ActionLens/Extensions/View+Placeholder.swift /Users/nikitamarshchonok/Desktop/ActionLens/ActionLens/Features/Import/ImportView.swift /Users/nikitamarshchonok/Desktop/ActionLens/ActionLens/Features/Import/ImportViewModel.swift (in target 'ActionLens' from project 'ActionLens')

SwiftCompile normal arm64 /Users/nikitamarshchonok/Desktop/ActionLens/ActionLens/Extensions/View+Placeholder.swift (in target 'ActionLens' from project 'ActionLens')
    cd /Users/nikitamarshchonok/Desktop/ActionLens
    

SwiftCompile normal arm64 /Users/nikitamarshchonok/Desktop/ActionLens/ActionLens/Features/Import/ImportView.swift (in target 'ActionLens' from project 'ActionLens')
    cd /Users/nikitamarshchonok/Desktop/ActionLens
    

SwiftCompile normal arm64 /Users/nikitamarshchonok/Desktop/ActionLens/ActionLens/Features/Import/ImportViewModel.swift (in target 'ActionLens' from project 'ActionLens')
    cd /Users/nikitamarshchonok/Desktop/ActionLens
    

SwiftCompile normal arm64 Compiling\ InboxSeedService.swift,\ ItemTypeBackfillService.swift,\ LocalEntityExtractionService.swift /Users/nikitamarshchonok/Desktop/ActionLens/ActionLens/Services/InboxSeedService.swift /Users/nikitamarshchonok/Desktop/ActionLens/ActionLens/Services/ItemTypeBackfillService.swift /Users/nikitamarshchonok/Desktop/ActionLens/ActionLens/Services/LocalEntityExtractionService.swift (in target 'ActionLens' from project 'ActionLens')

** BUILD FAILED **


The following build commands failed:
	SwiftEmitModule normal arm64 Emitting\ module\ for\ ActionLens (in target 'ActionLens' from project 'ActionLens')
	EmitSwiftModule normal arm64 (in target 'ActionLens' from project 'ActionLens')
	Building project ActionLens with scheme ActionLens and configuration Debug
(3 failures)
