2026-05-02 12:55:31.704 xcodebuild[2945:5483112]  DVTFilePathFSEvents: Failed to start fs event stream.
2026-05-02 12:55:32.244 xcodebuild[2945:5483113] CoreSimulatorService connection became invalid.  Simulator services will no longer be available.
2026-05-02 12:55:32.244 xcodebuild[2945:5483161] Logging connecton invalid: <OS_xpc_error: <dictionary: 0x1f00180e0> { count = 1, transaction: 0, voucher = 0x0, contents =
	"XPCErrorDescription" => <string: 0x1f0018220> { string cache = 0x0, length = 18, contents = "Connection invalid" }
}>
2026-05-02 12:55:32.245 xcodebuild[2945:5483161] Error opening log file (/Users/nikitamarshchonok/Library/Logs/CoreSimulator/CoreSimulator.com.apple.dt.xcodebuild.log): Operation not permitted
[-[SimServiceContext sendRequest:]:1751] ERROR : Unable to deliver request ({
    "developer_dir" = "/Applications/Xcode.app/Contents/Developer";
    request = "set_developer_dir";
}) because we are not connected to CoreSimulatorService.
Command line invocation:
    /Applications/Xcode.app/Contents/Developer/usr/bin/xcodebuild -project ActionLens.xcodeproj -target ActionLensShareExtension -showBuildSettings

2026-05-02 12:55:32.307 xcodebuild[2945:5483110] [MT] DVTAssertions: Warning in DVTFrameworks/DVTFoundation/FileTypes/DVTFileDataTypeDetection.m:80
Details:  detectedTypeIdentifier (com.apple.xml-property-list) does not conform to matchedTypeIdentifier in MagicFileDataTypeDetector extenson com.apple.property-list. When both are specified, this conformance is required unless overridden by setting allowNonInheritance. extension.identifier:Xcode.MagicFileDataTypeDetector.XMLPlist
Object:   <DVTFileDataTypeDetectionMagicCache: 0x9a66725e0>
Method:   -initWithExtension:
Thread:   <_NSMainThread: 0x10542a040>{number = 1, name = main}
Please file a bug at https://feedbackassistant.apple.com with this warning message and any useful information you can provide.
2026-05-02 12:55:32.309 xcodebuild[2945:5483110] [MT] DVTAssertions: Warning in DVTFrameworks/DVTFoundation/FileTypes/DVTFileDataTypeDetection.m:80
Details:  detectedTypeIdentifier (com.apple.binary-property-list) does not conform to matchedTypeIdentifier in MagicFileDataTypeDetector extenson com.apple.property-list. When both are specified, this conformance is required unless overridden by setting allowNonInheritance. extension.identifier:Xcode.MagicFileDataTypeDetector.BinaryPlist
Object:   <DVTFileDataTypeDetectionMagicCache: 0x9a6ca04e0>
Method:   -initWithExtension:
Thread:   <_NSMainThread: 0x10542a040>{number = 1, name = main}
Please file a bug at https://feedbackassistant.apple.com with this warning message and any useful information you can provide.
[-[SimServiceContext initWithDeveloperDir:connectionType:error:]:432] WARN  : Unable to discover any Simulator runtimes. Developer Directory is /Applications/Xcode.app/Contents/Developer.
[-[SimDiskImageManager init]:175] ERROR : Could not kickstart simdiskimaged; SimDiskImageManager services will not be available: Error Domain=NSPOSIXErrorDomain Code=53 "Software caused connection abort" UserInfo={NSLocalizedDescription=Error returned in reply from CoreSimulatorService: Connection invalid}
[-[SimDiskImageManager _onQueue_checkConnection:]:239] ERROR : simdiskimaged returned error (invalid), marking disconnected.
[-[SimServiceContext initWithDeveloperDir:connectionType:error:]_block_invoke:468] ERROR : Could not get list of trusted mount directories: Error Domain=com.apple.CoreSimulator.SimError Code=410 "The service used to manage runtime disk images (simdiskimaged) crashed or is not responding" UserInfo={NSLocalizedDescription=The service used to manage runtime disk images (simdiskimaged) crashed or is not responding}
[-[SimDiskImageManager _onQueue_checkConnection:]:239] ERROR : simdiskimaged returned error (invalid), marking disconnected.
[-[SimServiceContext sendRequest:reply:error:]:1771] ERROR : Unable to deliver request ({
    request = "notification_subscription";
    "set_path" = "/Users/nikitamarshchonok/Library/Developer/CoreSimulator/Devices";
}) because we are not connected to CoreSimulatorService.
2026-05-02 12:55:32.312 xcodebuild[2945:5483112] Error Domain=NSPOSIXErrorDomain Code=61 "Connection refused" UserInfo={NSLocalizedDescription=CoreSimulatorService connection became invalid.  Simulator services will no longer be available.}
[-[SimServiceContext sendRequest:reply:error:]:1771] ERROR : Unable to deliver request ({
    request = "notification_subscription";
    "set_path" = "/Users/nikitamarshchonok/Library/Developer/CoreSimulator/Devices";
}) because we are not connected to CoreSimulatorService.
2026-05-02 12:55:32.313 xcodebuild[2945:5483161] Error Domain=NSPOSIXErrorDomain Code=61 "Connection refused" UserInfo={NSLocalizedDescription=CoreSimulatorService connection became invalid.  Simulator services will no longer be available.}
2026-05-02 12:55:32.313 xcodebuild[2945:5483112]  IDESimulatorAvailability: startObservingSimulatorUpdates() FAILED to register SimDeviceSet observer
2026-05-02 12:55:32.313 xcodebuild[2945:5483161]  iOSSimulator: [SimServiceContext defaultDeviceSetWithError:] returned nil (Error Domain=NSPOSIXErrorDomain Code=61 "Connection refused" UserInfo={NSLocalizedFailureReason=Failed to subscribe to notifications from CoreSimulatorService., NSLocalizedDescription=Failed to initialize simulator device set., NSUnderlyingError=0x9a6ca0e70 {Error Domain=NSPOSIXErrorDomain Code=61 "Connection refused" UserInfo={NSLocalizedDescription=CoreSimulatorService connection became invalid.  Simulator services will no longer be available.}}}). Simulator device support disabled.
2026-05-02 12:55:32.442 xcodebuild[2945:5483161]  IDELogStore: Unable to remove item at path /Users/nikitamarshchonok/Library/Developer/Xcode/DerivedData/ActionLens-bqkeywqqzxzkpdfuldbxuxjarbvj/Logs/Launch/Run-ActionLens-2026.05.02_11-49-19-+0300.xcresult: Error Domain=NSCocoaErrorDomain Code=513 "“Run-ActionLens-2026.05.02_11-49-19-+0300.xcresult” couldn’t be removed because you don’t have permission to access it." UserInfo={NSUserStringVariant=(
    Remove
), NSFilePath=/Users/nikitamarshchonok/Library/Developer/Xcode/DerivedData/ActionLens-bqkeywqqzxzkpdfuldbxuxjarbvj/Logs/Launch/Run-ActionLens-2026.05.02_11-49-19-+0300.xcresult, NSURL=file:///Users/nikitamarshchonok/Library/Developer/Xcode/DerivedData/ActionLens-bqkeywqqzxzkpdfuldbxuxjarbvj/Logs/Launch/Run-ActionLens-2026.05.02_11-49-19-+0300.xcresult, NSUnderlyingError=0x9a7054120 {Error Domain=NSPOSIXErrorDomain Code=1 "Operation not permitted"}}
2026-05-02 12:55:32.443 xcodebuild[2945:5483161]  IDELogStore: Unable to remove item at path /Users/nikitamarshchonok/Library/Developer/Xcode/DerivedData/ActionLens-bqkeywqqzxzkpdfuldbxuxjarbvj/Logs/Launch/Run-ActionLens-2026.05.02_11-49-13-+0300.xcresult: Error Domain=NSCocoaErrorDomain Code=513 "“Run-ActionLens-2026.05.02_11-49-13-+0300.xcresult” couldn’t be removed because you don’t have permission to access it." UserInfo={NSUserStringVariant=(
    Remove
), NSFilePath=/Users/nikitamarshchonok/Library/Developer/Xcode/DerivedData/ActionLens-bqkeywqqzxzkpdfuldbxuxjarbvj/Logs/Launch/Run-ActionLens-2026.05.02_11-49-13-+0300.xcresult, NSURL=file:///Users/nikitamarshchonok/Library/Developer/Xcode/DerivedData/ActionLens-bqkeywqqzxzkpdfuldbxuxjarbvj/Logs/Launch/Run-ActionLens-2026.05.02_11-49-13-+0300.xcresult, NSUnderlyingError=0x9a7054cc0 {Error Domain=NSPOSIXErrorDomain Code=1 "Operation not permitted"}}
2026-05-02 12:55:32.444 xcodebuild[2945:5483161]  IDELogStore: Unable to remove item at path /Users/nikitamarshchonok/Library/Developer/Xcode/DerivedData/ActionLens-bqkeywqqzxzkpdfuldbxuxjarbvj/Logs/Launch/Run-ActionLens-2026.05.02_11-48-08-+0300.xcresult: Error Domain=NSCocoaErrorDomain Code=513 "“Run-ActionLens-2026.05.02_11-48-08-+0300.xcresult” couldn’t be removed because you don’t have permission to access it." UserInfo={NSUserStringVariant=(
    Remove
), NSFilePath=/Users/nikitamarshchonok/Library/Developer/Xcode/DerivedData/ActionLens-bqkeywqqzxzkpdfuldbxuxjarbvj/Logs/Launch/Run-ActionLens-2026.05.02_11-48-08-+0300.xcresult, NSURL=file:///Users/nikitamarshchonok/Library/Developer/Xcode/DerivedData/ActionLens-bqkeywqqzxzkpdfuldbxuxjarbvj/Logs/Launch/Run-ActionLens-2026.05.02_11-48-08-+0300.xcresult, NSUnderlyingError=0x9a7055aa0 {Error Domain=NSPOSIXErrorDomain Code=1 "Operation not permitted"}}
2026-05-02 12:55:32.445 xcodebuild[2945:5483161]  IDELogStore: Unable to remove item at path /Users/nikitamarshchonok/Library/Developer/Xcode/DerivedData/ActionLens-bqkeywqqzxzkpdfuldbxuxjarbvj/Logs/Launch/Run-ActionLensShareExtension-2026.05.02_11-50-29-+0300.xcresult: Error Domain=NSCocoaErrorDomain Code=513 "“Run-ActionLensShareExtension-2026.05.02_11-50-29-+0300.xcresult” couldn’t be removed because you don’t have permission to access it." UserInfo={NSUserStringVariant=(
    Remove
), NSFilePath=/Users/nikitamarshchonok/Library/Developer/Xcode/DerivedData/ActionLens-bqkeywqqzxzkpdfuldbxuxjarbvj/Logs/Launch/Run-ActionLensShareExtension-2026.05.02_11-50-29-+0300.xcresult, NSURL=file:///Users/nikitamarshchonok/Library/Developer/Xcode/DerivedData/ActionLens-bqkeywqqzxzkpdfuldbxuxjarbvj/Logs/Launch/Run-ActionLensShareExtension-2026.05.02_11-50-29-+0300.xcresult, NSUnderlyingError=0x9a7055f50 {Error Domain=NSPOSIXErrorDomain Code=1 "Operation not permitted"}}
2026-05-02 12:55:32.446 xcodebuild[2945:5483161]  IDELogStore: Unable to remove item at path /Users/nikitamarshchonok/Library/Developer/Xcode/DerivedData/ActionLens-bqkeywqqzxzkpdfuldbxuxjarbvj/Logs/Launch/Run-ActionLensShareExtension-2026.05.02_12-06-04-+0300.xcresult: Error Domain=NSCocoaErrorDomain Code=513 "“Run-ActionLensShareExtension-2026.05.02_12-06-04-+0300.xcresult” couldn’t be removed because you don’t have permission to access it." UserInfo={NSUserStringVariant=(
    Remove
), NSFilePath=/Users/nikitamarshchonok/Library/Developer/Xcode/DerivedData/ActionLens-bqkeywqqzxzkpdfuldbxuxjarbvj/Logs/Launch/Run-ActionLensShareExtension-2026.05.02_12-06-04-+0300.xcresult, NSURL=file:///Users/nikitamarshchonok/Library/Developer/Xcode/DerivedData/ActionLens-bqkeywqqzxzkpdfuldbxuxjarbvj/Logs/Launch/Run-ActionLensShareExtension-2026.05.02_12-06-04-+0300.xcresult, NSUnderlyingError=0x9a7056040 {Error Domain=NSPOSIXErrorDomain Code=1 "Operation not permitted"}}
2026-05-02 12:55:32.447 xcodebuild[2945:5483161]  IDELogStore: Unable to remove item at path /Users/nikitamarshchonok/Library/Developer/Xcode/DerivedData/ActionLens-bqkeywqqzxzkpdfuldbxuxjarbvj/Logs/Launch/Run-ActionLensShareExtension-2026.05.02_12-11-33-+0300.xcresult: Error Domain=NSCocoaErrorDomain Code=513 "“Run-ActionLensShareExtension-2026.05.02_12-11-33-+0300.xcresult” couldn’t be removed because you don’t have permission to access it." UserInfo={NSUserStringVariant=(
    Remove
), NSFilePath=/Users/nikitamarshchonok/Library/Developer/Xcode/DerivedData/ActionLens-bqkeywqqzxzkpdfuldbxuxjarbvj/Logs/Launch/Run-ActionLensShareExtension-2026.05.02_12-11-33-+0300.xcresult, NSURL=file:///Users/nikitamarshchonok/Library/Developer/Xcode/DerivedData/ActionLens-bqkeywqqzxzkpdfuldbxuxjarbvj/Logs/Launch/Run-ActionLensShareExtension-2026.05.02_12-11-33-+0300.xcresult, NSUnderlyingError=0x9a7055f80 {Error Domain=NSPOSIXErrorDomain Code=1 "Operation not permitted"}}
Build settings for action build and target ActionLensShareExtension:
*** error: Could not get build settings for target 'ActionLensShareExtension': Error Domain=NSCocoaErrorDomain Code=513 "You don’t have permission to save the file “WORKSPACE@v11_hash=5d27f6f797907bc4d04139e7e542de74_subobjects=16c251cd70403daeb6fdc43c8fabc668-json” in the folder “workspace”." UserInfo={NSFilePath=/Users/nikitamarshchonok/Library/Developer/Xcode/DerivedData/ActionLens-bqkeywqqzxzkpdfuldbxuxjarbvj/Build/Intermediates.noindex/XCBuildData/PIFCache/workspace/WORKSPACE@v11_hash=5d27f6f797907bc4d04139e7e542de74_subobjects=16c251cd70403daeb6fdc43c8fabc668-json, NSURL=file:///Users/nikitamarshchonok/Library/Developer/Xcode/DerivedData/ActionLens-bqkeywqqzxzkpdfuldbxuxjarbvj/Build/Intermediates.noindex/XCBuildData/PIFCache/workspace/WORKSPACE@v11_hash=5d27f6f797907bc4d04139e7e542de74_subobjects=16c251cd70403daeb6fdc43c8fabc668-json, NSUnderlyingError=0x76ec6cc30 {Error Domain=NSPOSIXErrorDomain Code=1 "Operation not permitted"}}
