2026-05-02 12:55:30.511 xcodebuild[2877:5482946]  DVTFilePathFSEvents: Failed to start fs event stream.
2026-05-02 12:55:31.107 xcodebuild[2877:5482946] CoreSimulatorService connection became invalid.  Simulator services will no longer be available.
2026-05-02 12:55:31.107 xcodebuild[2877:5483026] Logging connecton invalid: <OS_xpc_error: <dictionary: 0x1f00180e0> { count = 1, transaction: 0, voucher = 0x0, contents =
	"XPCErrorDescription" => <string: 0x1f0018220> { string cache = 0x0, length = 18, contents = "Connection invalid" }
}>
2026-05-02 12:55:31.107 xcodebuild[2877:5483025] Error opening log file (/Users/nikitamarshchonok/Library/Logs/CoreSimulator/CoreSimulator.com.apple.dt.xcodebuild.log): Operation not permitted
[-[SimServiceContext sendRequest:]:1751] ERROR : Unable to deliver request ({
    "developer_dir" = "/Applications/Xcode.app/Contents/Developer";
    request = "set_developer_dir";
}) because we are not connected to CoreSimulatorService.
Command line invocation:
    /Applications/Xcode.app/Contents/Developer/usr/bin/xcodebuild -project ActionLens.xcodeproj -target ActionLens -showBuildSettings

2026-05-02 12:55:31.170 xcodebuild[2877:5482944] [MT] DVTAssertions: Warning in DVTFrameworks/DVTFoundation/FileTypes/DVTFileDataTypeDetection.m:80
Details:  detectedTypeIdentifier (com.apple.binary-property-list) does not conform to matchedTypeIdentifier in MagicFileDataTypeDetector extenson com.apple.property-list. When both are specified, this conformance is required unless overridden by setting allowNonInheritance. extension.identifier:Xcode.MagicFileDataTypeDetector.BinaryPlist
Object:   <DVTFileDataTypeDetectionMagicCache: 0xb20cd3ae0>
Method:   -initWithExtension:
Thread:   <_NSMainThread: 0x10559e040>{number = 1, name = main}
Please file a bug at https://feedbackassistant.apple.com with this warning message and any useful information you can provide.
2026-05-02 12:55:31.172 xcodebuild[2877:5482944] [MT] DVTAssertions: Warning in DVTFrameworks/DVTFoundation/FileTypes/DVTFileDataTypeDetection.m:80
Details:  detectedTypeIdentifier (com.apple.xml-property-list) does not conform to matchedTypeIdentifier in MagicFileDataTypeDetector extenson com.apple.property-list. When both are specified, this conformance is required unless overridden by setting allowNonInheritance. extension.identifier:Xcode.MagicFileDataTypeDetector.XMLPlist
Object:   <DVTFileDataTypeDetectionMagicCache: 0xb20ce08d0>
Method:   -initWithExtension:
Thread:   <_NSMainThread: 0x10559e040>{number = 1, name = main}
Please file a bug at https://feedbackassistant.apple.com with this warning message and any useful information you can provide.
[-[SimServiceContext initWithDeveloperDir:connectionType:error:]:432] WARN  : Unable to discover any Simulator runtimes. Developer Directory is /Applications/Xcode.app/Contents/Developer.
[-[SimDiskImageManager init]:175] ERROR : Could not kickstart simdiskimaged; SimDiskImageManager services will not be available: Error Domain=NSPOSIXErrorDomain Code=53 "Software caused connection abort" UserInfo={NSLocalizedDescription=Error returned in reply from CoreSimulatorService: Connection invalid}
[-[SimDiskImageManager _onQueue_checkConnection:]:239] ERROR : simdiskimaged returned error (invalid), marking disconnected.
[-[SimDiskImageManager _onQueue_checkConnection:]:239] ERROR : simdiskimaged returned error (invalid), marking disconnected.
[-[SimServiceContext initWithDeveloperDir:connectionType:error:]_block_invoke:468] ERROR : Could not get list of trusted mount directories: Error Domain=com.apple.CoreSimulator.SimError Code=410 "The service used to manage runtime disk images (simdiskimaged) crashed or is not responding" UserInfo={NSLocalizedDescription=The service used to manage runtime disk images (simdiskimaged) crashed or is not responding}
[-[SimServiceContext sendRequest:reply:error:]:1771] ERROR : Unable to deliver request ({
    request = "notification_subscription";
    "set_path" = "/Users/nikitamarshchonok/Library/Developer/CoreSimulator/Devices";
}) because we are not connected to CoreSimulatorService.
2026-05-02 12:55:31.224 xcodebuild[2877:5482947] Error Domain=NSPOSIXErrorDomain Code=61 "Connection refused" UserInfo={NSLocalizedDescription=CoreSimulatorService connection became invalid.  Simulator services will no longer be available.}
[-[SimServiceContext sendRequest:reply:error:]:1771] ERROR : Unable to deliver request ({
    request = "notification_subscription";
    "set_path" = "/Users/nikitamarshchonok/Library/Developer/CoreSimulator/Devices";
}) because we are not connected to CoreSimulatorService.
2026-05-02 12:55:31.226 xcodebuild[2877:5483025] Error Domain=NSPOSIXErrorDomain Code=61 "Connection refused" UserInfo={NSLocalizedDescription=CoreSimulatorService connection became invalid.  Simulator services will no longer be available.}
2026-05-02 12:55:31.226 xcodebuild[2877:5482947]  IDESimulatorAvailability: startObservingSimulatorUpdates() FAILED to register SimDeviceSet observer
2026-05-02 12:55:31.227 xcodebuild[2877:5483025]  iOSSimulator: [SimServiceContext defaultDeviceSetWithError:] returned nil (Error Domain=NSPOSIXErrorDomain Code=61 "Connection refused" UserInfo={NSLocalizedFailureReason=Failed to subscribe to notifications from CoreSimulatorService., NSLocalizedDescription=Failed to initialize simulator device set., NSUnderlyingError=0xb20d94de0 {Error Domain=NSPOSIXErrorDomain Code=61 "Connection refused" UserInfo={NSLocalizedDescription=CoreSimulatorService connection became invalid.  Simulator services will no longer be available.}}}). Simulator device support disabled.
2026-05-02 12:55:31.319 xcodebuild[2877:5483029]  IDELogStore: Unable to remove item at path /Users/nikitamarshchonok/Library/Developer/Xcode/DerivedData/ActionLens-bqkeywqqzxzkpdfuldbxuxjarbvj/Logs/Launch/Run-ActionLens-2026.05.02_11-49-19-+0300.xcresult: Error Domain=NSCocoaErrorDomain Code=513 "“Run-ActionLens-2026.05.02_11-49-19-+0300.xcresult” couldn’t be removed because you don’t have permission to access it." UserInfo={NSUserStringVariant=(
    Remove
), NSFilePath=/Users/nikitamarshchonok/Library/Developer/Xcode/DerivedData/ActionLens-bqkeywqqzxzkpdfuldbxuxjarbvj/Logs/Launch/Run-ActionLens-2026.05.02_11-49-19-+0300.xcresult, NSURL=file:///Users/nikitamarshchonok/Library/Developer/Xcode/DerivedData/ActionLens-bqkeywqqzxzkpdfuldbxuxjarbvj/Logs/Launch/Run-ActionLens-2026.05.02_11-49-19-+0300.xcresult, NSUnderlyingError=0xb20dfd710 {Error Domain=NSPOSIXErrorDomain Code=1 "Operation not permitted"}}
2026-05-02 12:55:31.320 xcodebuild[2877:5483029]  IDELogStore: Unable to remove item at path /Users/nikitamarshchonok/Library/Developer/Xcode/DerivedData/ActionLens-bqkeywqqzxzkpdfuldbxuxjarbvj/Logs/Launch/Run-ActionLens-2026.05.02_11-49-13-+0300.xcresult: Error Domain=NSCocoaErrorDomain Code=513 "“Run-ActionLens-2026.05.02_11-49-13-+0300.xcresult” couldn’t be removed because you don’t have permission to access it." UserInfo={NSUserStringVariant=(
    Remove
), NSFilePath=/Users/nikitamarshchonok/Library/Developer/Xcode/DerivedData/ActionLens-bqkeywqqzxzkpdfuldbxuxjarbvj/Logs/Launch/Run-ActionLens-2026.05.02_11-49-13-+0300.xcresult, NSURL=file:///Users/nikitamarshchonok/Library/Developer/Xcode/DerivedData/ActionLens-bqkeywqqzxzkpdfuldbxuxjarbvj/Logs/Launch/Run-ActionLens-2026.05.02_11-49-13-+0300.xcresult, NSUnderlyingError=0xb20dfd830 {Error Domain=NSPOSIXErrorDomain Code=1 "Operation not permitted"}}
2026-05-02 12:55:31.321 xcodebuild[2877:5483029]  IDELogStore: Unable to remove item at path /Users/nikitamarshchonok/Library/Developer/Xcode/DerivedData/ActionLens-bqkeywqqzxzkpdfuldbxuxjarbvj/Logs/Launch/Run-ActionLens-2026.05.02_11-48-08-+0300.xcresult: Error Domain=NSCocoaErrorDomain Code=513 "“Run-ActionLens-2026.05.02_11-48-08-+0300.xcresult” couldn’t be removed because you don’t have permission to access it." UserInfo={NSUserStringVariant=(
    Remove
), NSFilePath=/Users/nikitamarshchonok/Library/Developer/Xcode/DerivedData/ActionLens-bqkeywqqzxzkpdfuldbxuxjarbvj/Logs/Launch/Run-ActionLens-2026.05.02_11-48-08-+0300.xcresult, NSURL=file:///Users/nikitamarshchonok/Library/Developer/Xcode/DerivedData/ActionLens-bqkeywqqzxzkpdfuldbxuxjarbvj/Logs/Launch/Run-ActionLens-2026.05.02_11-48-08-+0300.xcresult, NSUnderlyingError=0xb20dfc3c0 {Error Domain=NSPOSIXErrorDomain Code=1 "Operation not permitted"}}
2026-05-02 12:55:31.323 xcodebuild[2877:5483029]  IDELogStore: Unable to remove item at path /Users/nikitamarshchonok/Library/Developer/Xcode/DerivedData/ActionLens-bqkeywqqzxzkpdfuldbxuxjarbvj/Logs/Launch/Run-ActionLensShareExtension-2026.05.02_11-50-29-+0300.xcresult: Error Domain=NSCocoaErrorDomain Code=513 "“Run-ActionLensShareExtension-2026.05.02_11-50-29-+0300.xcresult” couldn’t be removed because you don’t have permission to access it." UserInfo={NSUserStringVariant=(
    Remove
), NSFilePath=/Users/nikitamarshchonok/Library/Developer/Xcode/DerivedData/ActionLens-bqkeywqqzxzkpdfuldbxuxjarbvj/Logs/Launch/Run-ActionLensShareExtension-2026.05.02_11-50-29-+0300.xcresult, NSURL=file:///Users/nikitamarshchonok/Library/Developer/Xcode/DerivedData/ActionLens-bqkeywqqzxzkpdfuldbxuxjarbvj/Logs/Launch/Run-ActionLensShareExtension-2026.05.02_11-50-29-+0300.xcresult, NSUnderlyingError=0xb20dfc6c0 {Error Domain=NSPOSIXErrorDomain Code=1 "Operation not permitted"}}
2026-05-02 12:55:31.324 xcodebuild[2877:5483029]  IDELogStore: Unable to remove item at path /Users/nikitamarshchonok/Library/Developer/Xcode/DerivedData/ActionLens-bqkeywqqzxzkpdfuldbxuxjarbvj/Logs/Launch/Run-ActionLensShareExtension-2026.05.02_12-06-04-+0300.xcresult: Error Domain=NSCocoaErrorDomain Code=513 "“Run-ActionLensShareExtension-2026.05.02_12-06-04-+0300.xcresult” couldn’t be removed because you don’t have permission to access it." UserInfo={NSUserStringVariant=(
    Remove
), NSFilePath=/Users/nikitamarshchonok/Library/Developer/Xcode/DerivedData/ActionLens-bqkeywqqzxzkpdfuldbxuxjarbvj/Logs/Launch/Run-ActionLensShareExtension-2026.05.02_12-06-04-+0300.xcresult, NSURL=file:///Users/nikitamarshchonok/Library/Developer/Xcode/DerivedData/ActionLens-bqkeywqqzxzkpdfuldbxuxjarbvj/Logs/Launch/Run-ActionLensShareExtension-2026.05.02_12-06-04-+0300.xcresult, NSUnderlyingError=0xb20dfc660 {Error Domain=NSPOSIXErrorDomain Code=1 "Operation not permitted"}}
2026-05-02 12:55:31.325 xcodebuild[2877:5483029]  IDELogStore: Unable to remove item at path /Users/nikitamarshchonok/Library/Developer/Xcode/DerivedData/ActionLens-bqkeywqqzxzkpdfuldbxuxjarbvj/Logs/Launch/Run-ActionLensShareExtension-2026.05.02_12-11-33-+0300.xcresult: Error Domain=NSCocoaErrorDomain Code=513 "“Run-ActionLensShareExtension-2026.05.02_12-11-33-+0300.xcresult” couldn’t be removed because you don’t have permission to access it." UserInfo={NSUserStringVariant=(
    Remove
), NSFilePath=/Users/nikitamarshchonok/Library/Developer/Xcode/DerivedData/ActionLens-bqkeywqqzxzkpdfuldbxuxjarbvj/Logs/Launch/Run-ActionLensShareExtension-2026.05.02_12-11-33-+0300.xcresult, NSURL=file:///Users/nikitamarshchonok/Library/Developer/Xcode/DerivedData/ActionLens-bqkeywqqzxzkpdfuldbxuxjarbvj/Logs/Launch/Run-ActionLensShareExtension-2026.05.02_12-11-33-+0300.xcresult, NSUnderlyingError=0xb20dfcb10 {Error Domain=NSPOSIXErrorDomain Code=1 "Operation not permitted"}}
Build settings for action build and target ActionLens:
*** error: Could not get build settings for target 'ActionLens': Error Domain=NSCocoaErrorDomain Code=513 "You don’t have permission to save the file “WORKSPACE@v11_hash=5d27f6f797907bc4d04139e7e542de74_subobjects=1302edc379f623a2601dad8d093cfb70-json” in the folder “workspace”." UserInfo={NSFilePath=/Users/nikitamarshchonok/Library/Developer/Xcode/DerivedData/ActionLens-bqkeywqqzxzkpdfuldbxuxjarbvj/Build/Intermediates.noindex/XCBuildData/PIFCache/workspace/WORKSPACE@v11_hash=5d27f6f797907bc4d04139e7e542de74_subobjects=1302edc379f623a2601dad8d093cfb70-json, NSURL=file:///Users/nikitamarshchonok/Library/Developer/Xcode/DerivedData/ActionLens-bqkeywqqzxzkpdfuldbxuxjarbvj/Build/Intermediates.noindex/XCBuildData/PIFCache/workspace/WORKSPACE@v11_hash=5d27f6f797907bc4d04139e7e542de74_subobjects=1302edc379f623a2601dad8d093cfb70-json, NSUnderlyingError=0x718898090 {Error Domain=NSPOSIXErrorDomain Code=1 "Operation not permitted"}}
